../Core/Src/main.c:87:6:HAL_TIM_IC_CaptureCallback	16	static
../Core/Src/main.c:114:5:main	16	static
../Core/Src/main.c:269:6:SystemClock_Config	88	static
../Core/Src/main.c:316:13:MX_CRC_Init	8	static
../Core/Src/main.c:342:13:MX_SPI1_Init	8	static
../Core/Src/main.c:380:13:MX_TIM1_Init	80	static
../Core/Src/main.c:445:13:MX_TIM2_Init	32	static
../Core/Src/main.c:490:13:MX_TIM3_Init	72	static
../Core/Src/main.c:557:13:MX_GPIO_Init	48	static
../Core/Src/main.c:613:6:Error_Handler	4	static,ignoring_inline_asm
