../Core/Src/main.c:80:5:main	16	static
../Core/Src/main.c:144:6:Error_Handler	8	static
../Core/Src/main.c:159:6:SystemClock_Config	88	static
../Core/Src/main.c:206:13:MX_CRC_Init	8	static
../Core/Src/main.c:232:13:MX_SPI1_Init	8	static
../Core/Src/main.c:270:13:MX_TIM1_Init	80	static
../Core/Src/main.c:335:13:MX_TIM2_Init	32	static
../Core/Src/main.c:380:13:MX_TIM3_Init	72	static
../Core/Src/main.c:447:13:MX_GPIO_Init	48	static
../Core/Src/main.c:497:6:IRError_Handler	4	static,ignoring_inline_asm
