../Core/Src/nRF24.c:28:13:nRF24_Delay	16	static
../Core/Src/nRF24.c:33:13:nRF24_SendSpi	16	static
../Core/Src/nRF24.c:38:13:nRF24_ReadSpi	16	static
../Core/Src/nRF24.c:47:16:nRF24_ReadRegister	24	static
../Core/Src/nRF24.c:61:13:nRF24_ReadRegisters	16	static
../Core/Src/nRF24.c:73:13:nRF24_WriteRegister	24	static
../Core/Src/nRF24.c:87:13:nRF24_WriteRegisters	16	static
../Core/Src/nRF24.c:99:6:nRF24_RX_Mode	16	static
../Core/Src/nRF24.c:121:6:nRF24_TX_Mode	16	static
../Core/Src/nRF24.c:141:6:PWR_RESET_TEST	16	static
../Core/Src/nRF24.c:150:9:nRF24_ReadConfig	8	static
../Core/Src/nRF24.c:155:6:nRF24_WriteConfig	16	static
../Core/Src/nRF24.c:160:6:nRF24_SetPALevel	24	static
../Core/Src/nRF24.c:168:6:nRF24_SetDataRate	24	static
../Core/Src/nRF24.c:179:9:nRF24_ReadStatus	8	static
../Core/Src/nRF24.c:184:6:nRF24_WriteStatus	16	static
../Core/Src/nRF24.c:189:6:nRF24_FlushRX	16	static
../Core/Src/nRF24.c:198:6:nRF24_FlushTX	16	static
../Core/Src/nRF24.c:207:6:nRF24_EnableCRC	24	static
../Core/Src/nRF24.c:218:6:nRF24_SetCRCLength	24	static
../Core/Src/nRF24.c:228:6:nRF24_SetRetries	16	static
../Core/Src/nRF24.c:234:6:nRF24_SetRFChannel	16	static
../Core/Src/nRF24.c:239:6:nRF24_SetPayloadSize	16	static
../Core/Src/nRF24.c:246:6:nRF24_EnablePipe	24	static
../Core/Src/nRF24.c:258:6:nRF24_AutoACK	24	static
../Core/Src/nRF24.c:270:6:nRF24_SetAddressWidth	16	static
../Core/Src/nRF24.c:279:6:nRF24_SetRXAddress	24	static
../Core/Src/nRF24.c:296:6:nRF24_SetTXAddress	24	static
../Core/Src/nRF24.c:315:6:nRF24_ClearInterrupts	16	static
../Core/Src/nRF24.c:322:6:nRF24_EnableRXDataReadyIRQ	24	static
../Core/Src/nRF24.c:334:6:nRF24_EnableTXDataSentIRQ	24	static
../Core/Src/nRF24.c:346:6:nRF24_EnableMaxRetransmitIRQ	24	static
../Core/Src/nRF24.c:358:6:nRF24_WriteTXPayload	16	static
../Core/Src/nRF24.c:363:6:nRF24_WaitTX	16	static
../Core/Src/nRF24.c:379:6:nRF24_ReadRXPaylaod	16	static
../Core/Src/nRF24.c:389:6:nRF24_SendPacket	16	static
../Core/Src/nRF24.c:394:6:nRF24_ReceivePacket	16	static
../Core/Src/nRF24.c:399:9:nRF24_RXAvailible	16	static
../Core/Src/nRF24.c:414:6:nRF24_IRQ_Handler	16	static
../Core/Src/nRF24.c:441:6:nRF24_Init	16	static
