../Core/Src/nRF24.c:28:13:nRF24_Delay	16	static
../Core/Src/nRF24.c:33:13:nRF24_SendSpi	16	static
../Core/Src/nRF24.c:38:13:nRF24_ReadSpi	16	static
../Core/Src/nRF24.c:47:16:nRF24_ReadRegister	24	static
../Core/Src/nRF24.c:61:13:nRF24_ReadRegisters	16	static
../Core/Src/nRF24.c:73:13:nRF24_WriteRegister	24	static
../Core/Src/nRF24.c:87:13:nRF24_WriteRegisters	16	static
../Core/Src/nRF24.c:99:6:nRF24_RX_Mode	16	static
../Core/Src/nRF24.c:120:6:nRF24_TX_Mode	16	static
../Core/Src/nRF24.c:142:9:nRF24_ReadConfig	8	static
../Core/Src/nRF24.c:147:6:nRF24_WriteConfig	16	static
../Core/Src/nRF24.c:152:6:nRF24_SetPALevel	24	static
../Core/Src/nRF24.c:160:6:nRF24_SetDataRate	24	static
../Core/Src/nRF24.c:171:9:nRF24_ReadStatus	8	static
../Core/Src/nRF24.c:176:6:nRF24_WriteStatus	16	static
../Core/Src/nRF24.c:181:6:nRF24_FlushRX	16	static
../Core/Src/nRF24.c:190:6:nRF24_FlushTX	16	static
../Core/Src/nRF24.c:199:6:nRF24_EnableCRC	24	static
../Core/Src/nRF24.c:210:6:nRF24_SetCRCLength	24	static
../Core/Src/nRF24.c:220:6:nRF24_SetRetries	16	static
../Core/Src/nRF24.c:226:6:nRF24_SetRFChannel	16	static
../Core/Src/nRF24.c:231:6:nRF24_SetPayloadSize	16	static
../Core/Src/nRF24.c:238:6:nRF24_EnablePipe	24	static
../Core/Src/nRF24.c:250:6:nRF24_AutoACK	24	static
../Core/Src/nRF24.c:262:6:nRF24_SetAddressWidth	16	static
../Core/Src/nRF24.c:271:6:nRF24_SetRXAddress	24	static
../Core/Src/nRF24.c:288:6:nRF24_SetTXAddress	24	static
../Core/Src/nRF24.c:307:6:nRF24_ClearInterrupts	16	static
../Core/Src/nRF24.c:314:6:nRF24_EnableRXDataReadyIRQ	24	static
../Core/Src/nRF24.c:326:6:nRF24_EnableTXDataSentIRQ	24	static
../Core/Src/nRF24.c:338:6:nRF24_EnableMaxRetransmitIRQ	24	static
../Core/Src/nRF24.c:350:6:nRF24_WriteTXPayload	16	static
../Core/Src/nRF24.c:355:6:nRF24_WaitTX	16	static
../Core/Src/nRF24.c:369:6:nRF24_ReadRXPaylaod	16	static
../Core/Src/nRF24.c:377:6:nRF24_SendPacket	16	static
../Core/Src/nRF24.c:382:6:nRF24_ReceivePacket	16	static
../Core/Src/nRF24.c:387:9:nRF24_RXAvailible	16	static
../Core/Src/nRF24.c:402:6:nRF24_IRQ_Handler	16	static
../Core/Src/nRF24.c:429:6:nRF24_Init	16	static
