Archive member included to satisfy reference by file (symbol)

C:\Users\Igor\Desktop\STM32CubeExpansion_Crypto_V3.1.0\Fw_Crypto\STM32F4\Middlewares\ST\STM32_Cryptographic\Lib\libSTM32CryptographicV3.0.0_CM4_GCC_ot.a(crypto.o)
                              ./Core/Src/rsa_driver.o (RSA_PKCS1v15_Encrypt)
c:/st/stm32cubeide_1.11.0/stm32cubeide/plugins/com.st.stm32cube.ide.mcu.externaltools.gnu-tools-for-stm32.10.3-2021.10.win32_1.0.100.202210260954/tools/bin/../lib/gcc/arm-none-eabi/10.3.1/../../../../arm-none-eabi/lib/thumb/v7e-m/nofp\libc_nano.a(lib_a-errno.o)
                              ./Core/Src/syscalls.o (__errno)
c:/st/stm32cubeide_1.11.0/stm32cubeide/plugins/com.st.stm32cube.ide.mcu.externaltools.gnu-tools-for-stm32.10.3-2021.10.win32_1.0.100.202210260954/tools/bin/../lib/gcc/arm-none-eabi/10.3.1/../../../../arm-none-eabi/lib/thumb/v7e-m/nofp\libc_nano.a(lib_a-exit.o)
                              c:/st/stm32cubeide_1.11.0/stm32cubeide/plugins/com.st.stm32cube.ide.mcu.externaltools.gnu-tools-for-stm32.10.3-2021.10.win32_1.0.100.202210260954/tools/bin/../lib/gcc/arm-none-eabi/10.3.1/../../../../arm-none-eabi/lib/thumb/v7e-m/nofp/crt0.o (exit)
c:/st/stm32cubeide_1.11.0/stm32cubeide/plugins/com.st.stm32cube.ide.mcu.externaltools.gnu-tools-for-stm32.10.3-2021.10.win32_1.0.100.202210260954/tools/bin/../lib/gcc/arm-none-eabi/10.3.1/../../../../arm-none-eabi/lib/thumb/v7e-m/nofp\libc_nano.a(lib_a-impure.o)
                              c:/st/stm32cubeide_1.11.0/stm32cubeide/plugins/com.st.stm32cube.ide.mcu.externaltools.gnu-tools-for-stm32.10.3-2021.10.win32_1.0.100.202210260954/tools/bin/../lib/gcc/arm-none-eabi/10.3.1/../../../../arm-none-eabi/lib/thumb/v7e-m/nofp\libc_nano.a(lib_a-exit.o) (_global_impure_ptr)
c:/st/stm32cubeide_1.11.0/stm32cubeide/plugins/com.st.stm32cube.ide.mcu.externaltools.gnu-tools-for-stm32.10.3-2021.10.win32_1.0.100.202210260954/tools/bin/../lib/gcc/arm-none-eabi/10.3.1/../../../../arm-none-eabi/lib/thumb/v7e-m/nofp\libc_nano.a(lib_a-init.o)
                              c:/st/stm32cubeide_1.11.0/stm32cubeide/plugins/com.st.stm32cube.ide.mcu.externaltools.gnu-tools-for-stm32.10.3-2021.10.win32_1.0.100.202210260954/tools/bin/../lib/gcc/arm-none-eabi/10.3.1/../../../../arm-none-eabi/lib/thumb/v7e-m/nofp/crt0.o (__libc_init_array)
c:/st/stm32cubeide_1.11.0/stm32cubeide/plugins/com.st.stm32cube.ide.mcu.externaltools.gnu-tools-for-stm32.10.3-2021.10.win32_1.0.100.202210260954/tools/bin/../lib/gcc/arm-none-eabi/10.3.1/../../../../arm-none-eabi/lib/thumb/v7e-m/nofp\libc_nano.a(lib_a-memcpy-stub.o)
                              C:\Users\Igor\Desktop\STM32CubeExpansion_Crypto_V3.1.0\Fw_Crypto\STM32F4\Middlewares\ST\STM32_Cryptographic\Lib\libSTM32CryptographicV3.0.0_CM4_GCC_ot.a(crypto.o) (memcpy)
c:/st/stm32cubeide_1.11.0/stm32cubeide/plugins/com.st.stm32cube.ide.mcu.externaltools.gnu-tools-for-stm32.10.3-2021.10.win32_1.0.100.202210260954/tools/bin/../lib/gcc/arm-none-eabi/10.3.1/../../../../arm-none-eabi/lib/thumb/v7e-m/nofp\libc_nano.a(lib_a-memmove.o)
                              C:\Users\Igor\Desktop\STM32CubeExpansion_Crypto_V3.1.0\Fw_Crypto\STM32F4\Middlewares\ST\STM32_Cryptographic\Lib\libSTM32CryptographicV3.0.0_CM4_GCC_ot.a(crypto.o) (memmove)
c:/st/stm32cubeide_1.11.0/stm32cubeide/plugins/com.st.stm32cube.ide.mcu.externaltools.gnu-tools-for-stm32.10.3-2021.10.win32_1.0.100.202210260954/tools/bin/../lib/gcc/arm-none-eabi/10.3.1/../../../../arm-none-eabi/lib/thumb/v7e-m/nofp\libc_nano.a(lib_a-memset.o)
                              c:/st/stm32cubeide_1.11.0/stm32cubeide/plugins/com.st.stm32cube.ide.mcu.externaltools.gnu-tools-for-stm32.10.3-2021.10.win32_1.0.100.202210260954/tools/bin/../lib/gcc/arm-none-eabi/10.3.1/../../../../arm-none-eabi/lib/thumb/v7e-m/nofp/crt0.o (memset)
c:/st/stm32cubeide_1.11.0/stm32cubeide/plugins/com.st.stm32cube.ide.mcu.externaltools.gnu-tools-for-stm32.10.3-2021.10.win32_1.0.100.202210260954/tools/bin/../lib/gcc/arm-none-eabi/10.3.1/thumb/v7e-m/nofp\libgcc.a(_aeabi_uldivmod.o)
                              ./Drivers/STM32F4xx_HAL_Driver/Src/stm32f4xx_hal_rcc.o (__aeabi_uldivmod)
c:/st/stm32cubeide_1.11.0/stm32cubeide/plugins/com.st.stm32cube.ide.mcu.externaltools.gnu-tools-for-stm32.10.3-2021.10.win32_1.0.100.202210260954/tools/bin/../lib/gcc/arm-none-eabi/10.3.1/thumb/v7e-m/nofp\libgcc.a(_udivmoddi4.o)
                              c:/st/stm32cubeide_1.11.0/stm32cubeide/plugins/com.st.stm32cube.ide.mcu.externaltools.gnu-tools-for-stm32.10.3-2021.10.win32_1.0.100.202210260954/tools/bin/../lib/gcc/arm-none-eabi/10.3.1/thumb/v7e-m/nofp\libgcc.a(_aeabi_uldivmod.o) (__udivmoddi4)
c:/st/stm32cubeide_1.11.0/stm32cubeide/plugins/com.st.stm32cube.ide.mcu.externaltools.gnu-tools-for-stm32.10.3-2021.10.win32_1.0.100.202210260954/tools/bin/../lib/gcc/arm-none-eabi/10.3.1/thumb/v7e-m/nofp\libgcc.a(_dvmd_tls.o)
[...]
Memory Configuration

Name             Origin             Length             Attributes
RAM              0x0000000020000000 0x0000000000020000 xrw
FLASH            0x0000000008000000 0x0000000000080000 xr
*default*        0x0000000000000000 0xffffffffffffffff

Linker script and memory map

LOAD c:/st/stm32cubeide_1.11.0/stm32cubeide/plugins/com.st.stm32cube.ide.mcu.externaltools.gnu-tools-for-stm32.10.3-2021.10.win32_1.0.100.202210260954/tools/bin/../lib/gcc/arm-none-eabi/10.3.1/thumb/v7e-m/nofp/crti.o
LOAD c:/st/stm32cubeide_1.11.0/stm32cubeide/plugins/com.st.stm32cube.ide.mcu.externaltools.gnu-tools-for-stm32.10.3-2021.10.win32_1.0.100.202210260954/tools/bin/../lib/gcc/arm-none-eabi/10.3.1/thumb/v7e-m/nofp/crtbegin.o
LOAD c:/st/stm32cubeide_1.11.0/stm32cubeide/plugins/com.st.stm32cube.ide.mcu.externaltools.gnu-tools-for-stm32.10.3-2021.10.win32_1.0.100.202210260954/tools/bin/../lib/gcc/arm-none-eabi/10.3.1/../../../../arm-none-eabi/lib/thumb/v7e-m/nofp/crt0.o
LOAD ./Core/Src/main.o
LOAD ./Core/Src/nRF24.o
LOAD ./Core/Src/ring_buffer.o
LOAD ./Core/Src/rsa_driver.o
LOAD ./Core/Src/rsa_keys.o
LOAD ./Core/Src/stm32f4xx_hal_msp.o
LOAD ./Core/Src/stm32f4xx_it.o
LOAD ./Core/Src/syscalls.o
LOAD ./Core/Src/sysmem.o
LOAD ./Core/Src/system_stm32f4xx.o
LOAD ./Core/Startup/startup_stm32f411retx.o
LOAD ./Drivers/STM32F4xx_HAL_Driver/Src/stm32f4xx_hal.o
LOAD ./Drivers/STM32F4xx_HAL_Driver/Src/stm32f4xx_hal_cortex.o
LOAD ./Drivers/STM32F4xx_HAL_Driver/Src/stm32f4xx_hal_crc.o
LOAD ./Drivers/STM32F4xx_HAL_Driver/Src/stm32f4xx_hal_dma.o
LOAD ./Drivers/STM32F4xx_HAL_Driver/Src/stm32f4xx_hal_dma_ex.o
LOAD ./Drivers/STM32F4xx_HAL_Driver/Src/stm32f4xx_hal_exti.o
LOAD ./Drivers/STM32F4xx_HAL_Driver/Src/stm32f4xx_hal_flash.o
LOAD ./Drivers/STM32F4xx_HAL_Driver/Src/stm32f4xx_hal_flash_ex.o
LOAD ./Drivers/STM32F4xx_HAL_Driver/Src/stm32f4xx_hal_flash_ramfunc.o
LOAD ./Drivers/STM32F4xx_HAL_Driver/Src/stm32f4xx_hal_gpio.o
LOAD ./Drivers/STM32F4xx_HAL_Driver/Src/stm32f4xx_hal_pwr.o
LOAD ./Drivers/STM32F4xx_HAL_Driver/Src/stm32f4xx_hal_pwr_ex.o
LOAD ./Drivers/STM32F4xx_HAL_Driver/Src/stm32f4xx_hal_rcc.o
LOAD ./Drivers/STM32F4xx_HAL_Driver/Src/stm32f4xx_hal_rcc_ex.o
LOAD ./Drivers/STM32F4xx_HAL_Driver/Src/stm32f4xx_hal_spi.o
LOAD ./Drivers/STM32F4xx_HAL_Driver/Src/stm32f4xx_hal_tim.o
LOAD ./Drivers/STM32F4xx_HAL_Driver/Src/stm32f4xx_hal_tim_ex.o
LOAD C:\Users\Igor\Desktop\STM32CubeExpansion_Crypto_V3.1.0\Fw_Crypto\STM32F4\Middlewares\ST\STM32_Cryptographic\Lib\libSTM32CryptographicV3.0.0_CM4_GCC_ot.a
START GROUP
LOAD c:/st/stm32cubeide_1.11.0/stm32cubeide/plugins/com.st.stm32cube.ide.mcu.externaltools.gnu-tools-for-stm32.10.3-2021.10.win32_1.0.100.202210260954/tools/bin/../lib/gcc/arm-none-eabi/10.3.1/../../../../arm-none-eabi/lib/thumb/v7e-m/nofp\libc_nano.a
LOAD c:/st/stm32cubeide_1.11.0/stm32cubeide/plugins/com.st.stm32cube.ide.mcu.externaltools.gnu-tools-for-stm32.10.3-2021.10.win32_1.0.100.202210260954/tools/bin/../lib/gcc/arm-none-eabi/10.3.1/../../../../arm-none-eabi/lib/thumb/v7e-m/nofp\libm.a
END GROUP
START GROUP
LOAD c:/st/stm32cubeide_1.11.0/stm32cubeide/plugins/com.st.stm32cube.ide.mcu.externaltools.gnu-tools-for-stm32.10.3-2021.10.win32_1.0.100.202210260954/tools/bin/../lib/gcc/arm-none-eabi/10.3.1/thumb/v7e-m/nofp\libgcc.a
LOAD c:/st/stm32cubeide_1.11.0/stm32cubeide/plugins/com.st.stm32cube.ide.mcu.externaltools.gnu-tools-for-stm32.10.3-2021.10.win32_1.0.100.202210260954/tools/bin/../lib/gcc/arm-none-eabi/10.3.1/../../../../arm-none-eabi/lib/thumb/v7e-m/nofp\libc_nano.a
END GROUP
START GROUP
LOAD c:/st/stm32cubeide_1.11.0/stm32cubeide/plugins/com.st.stm32cube.ide.mcu.externaltools.gnu-tools-for-stm32.10.3-2021.10.win32_1.0.100.202210260954/tools/bin/../lib/gcc/arm-none-eabi/10.3.1/thumb/v7e-m/nofp\libgcc.a
LOAD c:/st/stm32cubeide_1.11.0/stm32cubeide/plugins/com.st.stm32cube.ide.mcu.externaltools.gnu-tools-for-stm32.10.3-2021.10.win32_1.0.100.202210260954/tools/bin/../lib/gcc/arm-none-eabi/10.3.1/../../../../arm-none-eabi/lib/thumb/v7e-m/nofp\libc_nano.a
LOAD c:/st/stm32cubeide_1.11.0/stm32cubeide/plugins/com.st.stm32cube.ide.mcu.externaltools.gnu-tools-for-stm32.10.3-2021.10.win32_1.0.100.202210260954/tools/bin/../lib/gcc/arm-none-eabi/10.3.1/../../../../arm-none-eabi/lib/thumb/v7e-m/nofp\libnosys.a
END GROUP
START GROUP
LOAD c:/st/stm32cubeide_1.11.0/stm32cubeide/plugins/com.st.stm32cube.ide.mcu.externaltools.gnu-tools-for-stm32.10.3-2021.10.win32_1.0.100.202210260954/tools/bin/../lib/gcc/arm-none-eabi/10.3.1/thumb/v7e-m/nofp\libgcc.a
LOAD c:/st/stm32cubeide_1.11.0/stm32cubeide/plugins/com.st.stm32cube.ide.mcu.externaltools.gnu-tools-for-stm32.10.3-2021.10.win32_1.0.100.202210260954/tools/bin/../lib/gcc/arm-none-eabi/10.3.1/../../../../arm-none-eabi/lib/thumb/v7e-m/nofp\libc_nano.a
LOAD c:/st/stm32cubeide_1.11.0/stm32cubeide/plugins/com.st.stm32cube.ide.mcu.externaltools.gnu-tools-for-stm32.10.3-2021.10.win32_1.0.100.202210260954/tools/bin/../lib/gcc/arm-none-eabi/10.3.1/../../../../arm-none-eabi/lib/thumb/v7e-m/nofp\libnosys.a
END GROUP
LOAD c:/st/stm32cubeide_1.11.0/stm32cubeide/plugins/com.st.stm32cube.ide.mcu.externaltools.gnu-tools-for-stm32.10.3-2021.10.win32_1.0.100.202210260954/tools/bin/../lib/gcc/arm-none-eabi/10.3.1/thumb/v7e-m/nofp/crtend.o
LOAD c:/st/stm32cubeide_1.11.0/stm32cubeide/plugins/com.st.stm32cube.ide.mcu.externaltools.gnu-tools-for-stm32.10.3-2021.10.win32_1.0.100.202210260954/tools/bin/../lib/gcc/arm-none-eabi/10.3.1/thumb/v7e-m/nofp/crtn.o
                0x0000000020020000                _estack = (ORIGIN (RAM) + LENGTH (RAM))
                0x0000000000000200                _Min_Heap_Size = 0x200
                0x0000000000000400                _Min_Stack_Size = 0x400

.isr_vector     0x0000000008000000      0x198
                0x0000000008000000                . = ALIGN (0x4)
 *(.isr_vector)
 .isr_vector    0x0000000008000000      0x198 ./Core/Startup/startup_stm32f411retx.o
                0x0000000008000000                g_pfnVectors
                0x0000000008000198                . = ALIGN (0x4)

.text           0x0000000008000198     0x4518
                0x0000000008000198                . = ALIGN (0x4)
 *(.text)
 .text          0x0000000008000198       0x40 c:/st/stm32cubeide_1.11.0/stm32cubeide/plugins/com.st.stm32cube.ide.mcu.externaltools.gnu-tools-for-stm32.10.3-2021.10.win32_1.0.100.202210260954/tools/bin/../lib/gcc/arm-none-eabi/10.3.1/thumb/v7e-m/nofp/crtbegin.o
 .text          0x00000000080001d8       0x30 c:/st/stm32cubeide_1.11.0/stm32cubeide/plugins/com.st.stm32cube.ide.mcu.externaltools.gnu-tools-for-stm32.10.3-2021.10.win32_1.0.100.202210260954/tools/bin/../lib/gcc/arm-none-eabi/10.3.1/thumb/v7e-m/nofp\libgcc.a(_aeabi_uldivmod.o)
                0x00000000080001d8                __aeabi_uldivmod
 .text          0x0000000008000208      0x2d0 c:/st/stm32cubeide_1.11.0/stm32cubeide/plugins/com.st.stm32cube.ide.mcu.externaltools.gnu-tools-for-stm32.10.3-2021.10.win32_1.0.100.202210260954/tools/bin/../lib/gcc/arm-none-eabi/10.3.1/thumb/v7e-m/nofp\libgcc.a(_udivmoddi4.o)
                0x0000000008000208                __udivmoddi4
 .text          0x00000000080004d8        0x4 c:/st/stm32cubeide_1.11.0/stm32cubeide/plugins/com.st.stm32cube.ide.mcu.externaltools.gnu-tools-for-stm32.10.3-2021.10.win32_1.0.100.202210260954/tools/bin/../lib/gcc/arm-none-eabi/10.3.1/thumb/v7e-m/nofp\libgcc.a(_dvmd_tls.o)
                0x00000000080004d8                __aeabi_idiv0
                0x00000000080004d8                __aeabi_ldiv0
 *(.text*)
 .text.main     0x00000000080004dc       0x70 ./Core/Src/main.o
                0x00000000080004dc                main
 .text.Error_Handler
                0x000000000800054c       0x28 ./Core/Src/main.o
                0x000000000800054c                Error_Handler
 .text.SystemClock_Config
                0x0000000008000574       0xd0 ./Core/Src/main.o
 .text.MX_CRC_Init
                0x0000000008000644       0x28 ./Core/Src/main.o
 .text.MX_SPI1_Init
                0x000000000800066c       0x6c ./Core/Src/main.o
 .text.MX_TIM1_Init
                0x00000000080006d8      0x108 ./Core/Src/main.o
 .text.MX_TIM2_Init
                0x00000000080007e0       0x98 ./Core/Src/main.o
 .text.MX_TIM3_Init
                0x0000000008000878      0x118 ./Core/Src/main.o
 .text.MX_GPIO_Init
                0x0000000008000990      0x114 ./Core/Src/main.o
 .text.nRF24_Delay
                0x0000000008000aa4       0x18 ./Core/Src/nRF24.o
 .text.nRF24_SendSpi
                0x0000000008000abc       0x2c ./Core/Src/nRF24.o
 .text.nRF24_ReadSpi
                0x0000000008000ae8       0x2c ./Core/Src/nRF24.o
 .text.nRF24_ReadRegister
                0x0000000008000b14       0x48 ./Core/Src/nRF24.o
 .text.nRF24_ReadRegisters
                0x0000000008000b5c       0x48 ./Core/Src/nRF24.o
 .text.nRF24_WriteRegister
                0x0000000008000ba4       0x4c ./Core/Src/nRF24.o
 .text.nRF24_WriteRegisters
                0x0000000008000bf0       0x50 ./Core/Src/nRF24.o
 .text.nRF24_RX_Mode
                0x0000000008000c40       0x5c ./Core/Src/nRF24.o
                0x0000000008000c40                nRF24_RX_Mode
 .text.nRF24_ReadConfig
                0x0000000008000c9c       0x10 ./Core/Src/nRF24.o
                0x0000000008000c9c                nRF24_ReadConfig
 .text.nRF24_WriteConfig
                0x0000000008000cac       0x1c ./Core/Src/nRF24.o
                0x0000000008000cac                nRF24_WriteConfig
 .text.nRF24_SetPALevel
                0x0000000008000cc8       0x3e ./Core/Src/nRF24.o
                0x0000000008000cc8                nRF24_SetPALevel
 .text.nRF24_SetDataRate
                0x0000000008000d06       0x4c ./Core/Src/nRF24.o
                0x0000000008000d06                nRF24_SetDataRate
 .text.nRF24_ReadStatus
                0x0000000008000d52       0x10 ./Core/Src/nRF24.o
                0x0000000008000d52                nRF24_ReadStatus
 .text.nRF24_WriteStatus
                0x0000000008000d62       0x1c ./Core/Src/nRF24.o
                0x0000000008000d62                nRF24_WriteStatus
 *fill*         0x0000000008000d7e        0x2 
 .text.nRF24_FlushRX
                0x0000000008000d80       0x34 ./Core/Src/nRF24.o
                0x0000000008000d80                nRF24_FlushRX
 .text.nRF24_FlushTX
                0x0000000008000db4       0x34 ./Core/Src/nRF24.o
                0x0000000008000db4                nRF24_FlushTX
 .text.nRF24_EnableCRC
                0x0000000008000de8       0x3a ./Core/Src/nRF24.o
                0x0000000008000de8                nRF24_EnableCRC
 .text.nRF24_SetCRCLength
                0x0000000008000e22       0x3a ./Core/Src/nRF24.o
                0x0000000008000e22                nRF24_SetCRCLength
 .text.nRF24_SetRetries
                0x0000000008000e5c       0x36 ./Core/Src/nRF24.o
                0x0000000008000e5c                nRF24_SetRetries
 .text.nRF24_SetRFChannel
                0x0000000008000e92       0x22 ./Core/Src/nRF24.o
                0x0000000008000e92                nRF24_SetRFChannel
 .text.nRF24_SetPayloadSize
                0x0000000008000eb4       0x38 ./Core/Src/nRF24.o
                0x0000000008000eb4                nRF24_SetPayloadSize
 .text.nRF24_EnablePipe
                0x0000000008000eec       0x6a ./Core/Src/nRF24.o
                0x0000000008000eec                nRF24_EnablePipe
 .text.nRF24_AutoACK
                0x0000000008000f56       0x6a ./Core/Src/nRF24.o
                0x0000000008000f56                nRF24_AutoACK
 .text.nRF24_SetAddressWidth
                0x0000000008000fc0       0x3a ./Core/Src/nRF24.o
                0x0000000008000fc0                nRF24_SetAddressWidth
 .text.nRF24_SetRXAddress
                0x0000000008000ffa       0x72 ./Core/Src/nRF24.o
                0x0000000008000ffa                nRF24_SetRXAddress
 .text.nRF24_SetTXAddress
                0x000000000800106c       0x8c ./Core/Src/nRF24.o
                0x000000000800106c                nRF24_SetTXAddress
 .text.nRF24_ClearInterrupts
                0x00000000080010f8       0x26 ./Core/Src/nRF24.o
                0x00000000080010f8                nRF24_ClearInterrupts
 .text.nRF24_EnableRXDataReadyIRQ
                0x000000000800111e       0x3a ./Core/Src/nRF24.o
                0x000000000800111e                nRF24_EnableRXDataReadyIRQ
 .text.nRF24_EnableTXDataSentIRQ
                0x0000000008001158       0x3a ./Core/Src/nRF24.o
                0x0000000008001158                nRF24_EnableTXDataSentIRQ
 .text.nRF24_EnableMaxRetransmitIRQ
                0x0000000008001192       0x3a ./Core/Src/nRF24.o
                0x0000000008001192                nRF24_EnableMaxRetransmitIRQ
 .text.nRF24_ReadRXPaylaod
                0x00000000080011cc       0x38 ./Core/Src/nRF24.o
                0x00000000080011cc                nRF24_ReadRXPaylaod
 .text.nRF24_RXAvailible
                0x0000000008001204       0x40 ./Core/Src/nRF24.o
                0x0000000008001204                nRF24_RXAvailible
 .text.nRF24_Init
                0x0000000008001244       0xa8 ./Core/Src/nRF24.o
                0x0000000008001244                nRF24_Init
 .text.buffer_add_rx
                0x00000000080012ec       0x6c ./Core/Src/ring_buffer.o
                0x00000000080012ec                buffer_add_rx
 .text.buffer_get_full_message
                0x0000000008001358       0x6c ./Core/Src/ring_buffer.o
                0x0000000008001358                buffer_get_full_message
 .text.flush_rx_buffer
                0x00000000080013c4       0x2c ./Core/Src/ring_buffer.o
                0x00000000080013c4                flush_rx_buffer
 .text.receive_message
                0x00000000080013f0       0xb4 ./Core/Src/ring_buffer.o
                0x00000000080013f0                receive_message
 .text.HAL_MspInit
                0x00000000080014a4       0x4c ./Core/Src/stm32f4xx_hal_msp.o
                0x00000000080014a4                HAL_MspInit
 .text.HAL_CRC_MspInit
                0x00000000080014f0       0x40 ./Core/Src/stm32f4xx_hal_msp.o
                0x00000000080014f0                HAL_CRC_MspInit
 .text.HAL_SPI_MspInit
                0x0000000008001530       0x90 ./Core/Src/stm32f4xx_hal_msp.o
                0x0000000008001530                HAL_SPI_MspInit
 .text.HAL_TIM_PWM_MspInit
                0x00000000080015c0       0x40 ./Core/Src/stm32f4xx_hal_msp.o
                0x00000000080015c0                HAL_TIM_PWM_MspInit
 .text.HAL_TIM_Base_MspInit
                0x0000000008001600       0xd8 ./Core/Src/stm32f4xx_hal_msp.o
                0x0000000008001600                HAL_TIM_Base_MspInit
 .text.HAL_TIM_MspPostInit
                0x00000000080016d8       0x74 ./Core/Src/stm32f4xx_hal_msp.o
                0x00000000080016d8                HAL_TIM_MspPostInit
 .text.NMI_Handler
                0x000000000800174c        0x6 ./Core/Src/stm32f4xx_it.o
                0x000000000800174c                NMI_Handler
 .text.HardFault_Handler
                0x0000000008001752        0x6 ./Core/Src/stm32f4xx_it.o
                0x0000000008001752                HardFault_Handler
 .text.MemManage_Handler
                0x0000000008001758        0x6 ./Core/Src/stm32f4xx_it.o
                0x0000000008001758                MemManage_Handler
 .text.BusFault_Handler
                0x000000000800175e        0x6 ./Core/Src/stm32f4xx_it.o
                0x000000000800175e                BusFault_Handler
 .text.UsageFault_Handler
                0x0000000008001764        0x6 ./Core/Src/stm32f4xx_it.o
                0x0000000008001764                UsageFault_Handler
 .text.SVC_Handler
                0x000000000800176a        0xc ./Core/Src/stm32f4xx_it.o
                0x000000000800176a                SVC_Handler
 .text.DebugMon_Handler
                0x0000000008001776        0xc ./Core/Src/stm32f4xx_it.o
                0x0000000008001776                DebugMon_Handler
 .text.PendSV_Handler
                0x0000000008001782        0xc ./Core/Src/stm32f4xx_it.o
                0x0000000008001782                PendSV_Handler
 .text.SysTick_Handler
                0x000000000800178e        0xc ./Core/Src/stm32f4xx_it.o
                0x000000000800178e                SysTick_Handler
 .text.EXTI9_5_IRQHandler
                0x000000000800179a        0xe ./Core/Src/stm32f4xx_it.o
                0x000000000800179a                EXTI9_5_IRQHandler
 .text.TIM2_IRQHandler
                0x00000000080017a8       0x14 ./Core/Src/stm32f4xx_it.o
                0x00000000080017a8                TIM2_IRQHandler
 .text.TIM3_IRQHandler
                0x00000000080017bc       0x14 ./Core/Src/stm32f4xx_it.o
                0x00000000080017bc                TIM3_IRQHandler
 .text.SystemInit
                0x00000000080017d0        0xc ./Core/Src/system_stm32f4xx.o
                0x00000000080017d0                SystemInit
 .text.Reset_Handler
                0x00000000080017dc       0x50 ./Core/Startup/startup_stm32f411retx.o
                0x00000000080017dc                Reset_Handler
 .text.Default_Handler
                0x000000000800182c        0x2 ./Core/Startup/startup_stm32f411retx.o
                0x000000000800182c                RTC_Alarm_IRQHandler
                0x000000000800182c                EXTI2_IRQHandler
                0x000000000800182c                SPI4_IRQHandler
                0x000000000800182c                TIM1_CC_IRQHandler
                0x000000000800182c                DMA2_Stream5_IRQHandler
                0x000000000800182c                DMA1_Stream5_IRQHandler
                0x000000000800182c                PVD_IRQHandler
                0x000000000800182c                SDIO_IRQHandler
                0x000000000800182c                TAMP_STAMP_IRQHandler
                0x000000000800182c                EXTI3_IRQHandler
                0x000000000800182c                TIM1_UP_TIM10_IRQHandler
                0x000000000800182c                I2C3_ER_IRQHandler
                0x000000000800182c                EXTI0_IRQHandler
                0x000000000800182c                I2C2_EV_IRQHandler
                0x000000000800182c                DMA1_Stream2_IRQHandler
                0x000000000800182c                FPU_IRQHandler
                0x000000000800182c                DMA2_Stream2_IRQHandler
                0x000000000800182c                SPI1_IRQHandler
                0x000000000800182c                TIM1_BRK_TIM9_IRQHandler
                0x000000000800182c                DMA2_Stream3_IRQHandler
                0x000000000800182c                USART6_IRQHandler
                0x000000000800182c                DMA2_Stream0_IRQHandler
                0x000000000800182c                TIM4_IRQHandler
                0x000000000800182c                I2C1_EV_IRQHandler
                0x000000000800182c                DMA1_Stream6_IRQHandler
                0x000000000800182c                DMA1_Stream1_IRQHandler
                0x000000000800182c                RCC_IRQHandler
                0x000000000800182c                Default_Handler
                0x000000000800182c                EXTI15_10_IRQHandler
                0x000000000800182c                ADC_IRQHandler
                0x000000000800182c                DMA1_Stream7_IRQHandler
                0x000000000800182c                SPI5_IRQHandler
                0x000000000800182c                TIM5_IRQHandler
                0x000000000800182c                DMA2_Stream7_IRQHandler
                0x000000000800182c                I2C3_EV_IRQHandler
                0x000000000800182c                RTC_WKUP_IRQHandler
                0x000000000800182c                SPI2_IRQHandler
                0x000000000800182c                DMA1_Stream0_IRQHandler
                0x000000000800182c                EXTI4_IRQHandler
                0x000000000800182c                WWDG_IRQHandler
                0x000000000800182c                OTG_FS_WKUP_IRQHandler
                0x000000000800182c                TIM1_TRG_COM_TIM11_IRQHandler
                0x000000000800182c                EXTI1_IRQHandler
                0x000000000800182c                USART2_IRQHandler
                0x000000000800182c                I2C2_ER_IRQHandler
                0x000000000800182c                DMA2_Stream1_IRQHandler
                0x000000000800182c                FLASH_IRQHandler
                0x000000000800182c                DMA2_Stream4_IRQHandler
                0x000000000800182c                USART1_IRQHandler
                0x000000000800182c                OTG_FS_IRQHandler
                0x000000000800182c                SPI3_IRQHandler
                0x000000000800182c                DMA1_Stream4_IRQHandler
                0x000000000800182c                I2C1_ER_IRQHandler
                0x000000000800182c                DMA2_Stream6_IRQHandler
                0x000000000800182c                DMA1_Stream3_IRQHandler
 *fill*         0x000000000800182e        0x2 
 .text.HAL_Init
                0x0000000008001830       0x44 ./Drivers/STM32F4xx_HAL_Driver/Src/stm32f4xx_hal.o
                0x0000000008001830                HAL_Init
 .text.HAL_InitTick
                0x0000000008001874       0x60 ./Drivers/STM32F4xx_HAL_Driver/Src/stm32f4xx_hal.o
                0x0000000008001874                HAL_InitTick
 .text.HAL_IncTick
                0x00000000080018d4       0x24 ./Drivers/STM32F4xx_HAL_Driver/Src/stm32f4xx_hal.o
                0x00000000080018d4                HAL_IncTick
 .text.HAL_GetTick
                0x00000000080018f8       0x14 ./Drivers/STM32F4xx_HAL_Driver/Src/stm32f4xx_hal.o
                0x00000000080018f8                HAL_GetTick
 .text.HAL_Delay
                0x000000000800190c       0x48 ./Drivers/STM32F4xx_HAL_Driver/Src/stm32f4xx_hal.o
                0x000000000800190c                HAL_Delay
 .text.__NVIC_SetPriorityGrouping
                0x0000000008001954       0x48 ./Drivers/STM32F4xx_HAL_Driver/Src/stm32f4xx_hal_cortex.o
 .text.__NVIC_GetPriorityGrouping
                0x000000000800199c       0x1c ./Drivers/STM32F4xx_HAL_Driver/Src/stm32f4xx_hal_cortex.o
 .text.__NVIC_EnableIRQ
                0x00000000080019b8       0x38 ./Drivers/STM32F4xx_HAL_Driver/Src/stm32f4xx_hal_cortex.o
 .text.__NVIC_SetPriority
                0x00000000080019f0       0x54 ./Drivers/STM32F4xx_HAL_Driver/Src/stm32f4xx_hal_cortex.o
 .text.NVIC_EncodePriority
                0x0000000008001a44       0x64 ./Drivers/STM32F4xx_HAL_Driver/Src/stm32f4xx_hal_cortex.o
 .text.SysTick_Config
                0x0000000008001aa8       0x44 ./Drivers/STM32F4xx_HAL_Driver/Src/stm32f4xx_hal_cortex.o
 .text.HAL_NVIC_SetPriorityGrouping
                0x0000000008001aec       0x16 ./Drivers/STM32F4xx_HAL_Driver/Src/stm32f4xx_hal_cortex.o
                0x0000000008001aec                HAL_NVIC_SetPriorityGrouping
 .text.HAL_NVIC_SetPriority
                0x0000000008001b02       0x38 ./Drivers/STM32F4xx_HAL_Driver/Src/stm32f4xx_hal_cortex.o
                0x0000000008001b02                HAL_NVIC_SetPriority
 .text.HAL_NVIC_EnableIRQ
                0x0000000008001b3a       0x1c ./Drivers/STM32F4xx_HAL_Driver/Src/stm32f4xx_hal_cortex.o
                0x0000000008001b3a                HAL_NVIC_EnableIRQ
 .text.HAL_SYSTICK_Config
                0x0000000008001b56       0x18 ./Drivers/STM32F4xx_HAL_Driver/Src/stm32f4xx_hal_cortex.o
                0x0000000008001b56                HAL_SYSTICK_Config
 .text.HAL_CRC_Init
                0x0000000008001b6e       0x38 ./Drivers/STM32F4xx_HAL_Driver/Src/stm32f4xx_hal_crc.o
                0x0000000008001b6e                HAL_CRC_Init
 *fill*         0x0000000008001ba6        0x2 
 .text.HAL_GPIO_Init
                0x0000000008001ba8      0x304 ./Drivers/STM32F4xx_HAL_Driver/Src/stm32f4xx_hal_gpio.o
                0x0000000008001ba8                HAL_GPIO_Init
 .text.HAL_GPIO_WritePin
                0x0000000008001eac       0x30 ./Drivers/STM32F4xx_HAL_Driver/Src/stm32f4xx_hal_gpio.o
                0x0000000008001eac                HAL_GPIO_WritePin
 .text.HAL_GPIO_TogglePin
                0x0000000008001edc       0x32 ./Drivers/STM32F4xx_HAL_Driver/Src/stm32f4xx_hal_gpio.o
                0x0000000008001edc                HAL_GPIO_TogglePin
 *fill*         0x0000000008001f0e        0x2 
 .text.HAL_GPIO_EXTI_IRQHandler
                0x0000000008001f10       0x30 ./Drivers/STM32F4xx_HAL_Driver/Src/stm32f4xx_hal_gpio.o
                0x0000000008001f10                HAL_GPIO_EXTI_IRQHandler
 .text.HAL_GPIO_EXTI_Callback
                0x0000000008001f40       0x14 ./Drivers/STM32F4xx_HAL_Driver/Src/stm32f4xx_hal_gpio.o
                0x0000000008001f40                HAL_GPIO_EXTI_Callback
 .text.HAL_RCC_OscConfig
                0x0000000008001f54      0x4f0 ./Drivers/STM32F4xx_HAL_Driver/Src/stm32f4xx_hal_rcc.o
                0x0000000008001f54                HAL_RCC_OscConfig
 .text.HAL_RCC_ClockConfig
                0x0000000008002444      0x1cc ./Drivers/STM32F4xx_HAL_Driver/Src/stm32f4xx_hal_rcc.o
                0x0000000008002444                HAL_RCC_ClockConfig
 .text.HAL_RCC_GetSysClockFreq
                0x0000000008002610      0x18c ./Drivers/STM32F4xx_HAL_Driver/Src/stm32f4xx_hal_rcc.o
                0x0000000008002610                HAL_RCC_GetSysClockFreq
 .text.HAL_SPI_Init
                0x000000000800279c      0x112 ./Drivers/STM32F4xx_HAL_Driver/Src/stm32f4xx_hal_spi.o
                0x000000000800279c                HAL_SPI_Init
 .text.HAL_SPI_Transmit
                0x00000000080028ae      0x278 ./Drivers/STM32F4xx_HAL_Driver/Src/stm32f4xx_hal_spi.o
                0x00000000080028ae                HAL_SPI_Transmit
 .text.HAL_SPI_Receive
                0x0000000008002b26      0x222 ./Drivers/STM32F4xx_HAL_Driver/Src/stm32f4xx_hal_spi.o
                0x0000000008002b26                HAL_SPI_Receive
 .text.HAL_SPI_TransmitReceive
                0x0000000008002d48      0x344 ./Drivers/STM32F4xx_HAL_Driver/Src/stm32f4xx_hal_spi.o
                0x0000000008002d48                HAL_SPI_TransmitReceive
 .text.SPI_WaitFlagStateUntilTimeout
                0x000000000800308c      0x110 ./Drivers/STM32F4xx_HAL_Driver/Src/stm32f4xx_hal_spi.o
 .text.SPI_EndRxTransaction
                0x000000000800319c       0xca ./Drivers/STM32F4xx_HAL_Driver/Src/stm32f4xx_hal_spi.o
 *fill*         0x0000000008003266        0x2 
 .text.SPI_EndRxTxTransaction
                0x0000000008003268       0x84 ./Drivers/STM32F4xx_HAL_Driver/Src/stm32f4xx_hal_spi.o
 .text.HAL_TIM_Base_Init
                0x00000000080032ec       0x9e ./Drivers/STM32F4xx_HAL_Driver/Src/stm32f4xx_hal_tim.o
                0x00000000080032ec                HAL_TIM_Base_Init
 .text.HAL_TIM_PWM_Init
                0x000000000800338a       0x9e ./Drivers/STM32F4xx_HAL_Driver/Src/stm32f4xx_hal_tim.o
                0x000000000800338a                HAL_TIM_PWM_Init
 .text.HAL_TIM_IC_Init
                0x0000000008003428       0x9e ./Drivers/STM32F4xx_HAL_Driver/Src/stm32f4xx_hal_tim.o
                0x0000000008003428                HAL_TIM_IC_Init
 .text.HAL_TIM_IC_MspInit
                0x00000000080034c6       0x12 ./Drivers/STM32F4xx_HAL_Driver/Src/stm32f4xx_hal_tim.o
                0x00000000080034c6                HAL_TIM_IC_MspInit
 .text.HAL_TIM_IRQHandler
                0x00000000080034d8      0x210 ./Drivers/STM32F4xx_HAL_Driver/Src/stm32f4xx_hal_tim.o
                0x00000000080034d8                HAL_TIM_IRQHandler
 .text.HAL_TIM_IC_ConfigChannel
                0x00000000080036e8      0x138 ./Drivers/STM32F4xx_HAL_Driver/Src/stm32f4xx_hal_tim.o
                0x00000000080036e8                HAL_TIM_IC_ConfigChannel
 .text.HAL_TIM_PWM_ConfigChannel
                0x0000000008003820      0x184 ./Drivers/STM32F4xx_HAL_Driver/Src/stm32f4xx_hal_tim.o
                0x0000000008003820                HAL_TIM_PWM_ConfigChannel
 .text.HAL_TIM_ConfigClockSource
                0x00000000080039a4      0x18e ./Drivers/STM32F4xx_HAL_Driver/Src/stm32f4xx_hal_tim.o
                0x00000000080039a4                HAL_TIM_ConfigClockSource
 .text.HAL_TIM_SlaveConfigSynchro
                0x0000000008003b32       0x84 ./Drivers/STM32F4xx_HAL_Driver/Src/stm32f4xx_hal_tim.o
                0x0000000008003b32                HAL_TIM_SlaveConfigSynchro
 .text.HAL_TIM_PeriodElapsedCallback
                0x0000000008003bb6       0x12 ./Drivers/STM32F4xx_HAL_Driver/Src/stm32f4xx_hal_tim.o
                0x0000000008003bb6                HAL_TIM_PeriodElapsedCallback
 .text.HAL_TIM_OC_DelayElapsedCallback
                0x0000000008003bc8       0x12 ./Drivers/STM32F4xx_HAL_Driver/Src/stm32f4xx_hal_tim.o
                0x0000000008003bc8                HAL_TIM_OC_DelayElapsedCallback
 .text.HAL_TIM_IC_CaptureCallback
                0x0000000008003bda       0x12 ./Drivers/STM32F4xx_HAL_Driver/Src/stm32f4xx_hal_tim.o
                0x0000000008003bda                HAL_TIM_IC_CaptureCallback
 .text.HAL_TIM_PWM_PulseFinishedCallback
                0x0000000008003bec       0x12 ./Drivers/STM32F4xx_HAL_Driver/Src/stm32f4xx_hal_tim.o
                0x0000000008003bec                HAL_TIM_PWM_PulseFinishedCallback
 .text.HAL_TIM_TriggerCallback
                0x0000000008003bfe       0x12 ./Drivers/STM32F4xx_HAL_Driver/Src/stm32f4xx_hal_tim.o
                0x0000000008003bfe                HAL_TIM_TriggerCallback
 .text.TIM_Base_SetConfig
                0x0000000008003c10       0xfc ./Drivers/STM32F4xx_HAL_Driver/Src/stm32f4xx_hal_tim.o
                0x0000000008003c10                TIM_Base_SetConfig
 .text.TIM_OC1_SetConfig
                0x0000000008003d0c       0xcc ./Drivers/STM32F4xx_HAL_Driver/Src/stm32f4xx_hal_tim.o
 .text.TIM_OC2_SetConfig
                0x0000000008003dd8       0xd4 ./Drivers/STM32F4xx_HAL_Driver/Src/stm32f4xx_hal_tim.o
                0x0000000008003dd8                TIM_OC2_SetConfig
 .text.TIM_OC3_SetConfig
                0x0000000008003eac       0xd4 ./Drivers/STM32F4xx_HAL_Driver/Src/stm32f4xx_hal_tim.o
 .text.TIM_OC4_SetConfig
                0x0000000008003f80       0x9c ./Drivers/STM32F4xx_HAL_Driver/Src/stm32f4xx_hal_tim.o
 .text.TIM_SlaveTimer_SetConfig
                0x000000000800401c      0x122 ./Drivers/STM32F4xx_HAL_Driver/Src/stm32f4xx_hal_tim.o
 *fill*         0x000000000800413e        0x2 
 .text.TIM_TI1_SetConfig
                0x0000000008004140       0xcc ./Drivers/STM32F4xx_HAL_Driver/Src/stm32f4xx_hal_tim.o
                0x0000000008004140                TIM_TI1_SetConfig
 .text.TIM_TI1_ConfigInputStage
                0x000000000800420c       0x5c ./Drivers/STM32F4xx_HAL_Driver/Src/stm32f4xx_hal_tim.o
 .text.TIM_TI2_SetConfig
                0x0000000008004268       0x78 ./Drivers/STM32F4xx_HAL_Driver/Src/stm32f4xx_hal_tim.o
 .text.TIM_TI2_ConfigInputStage
                0x00000000080042e0       0x5e ./Drivers/STM32F4xx_HAL_Driver/Src/stm32f4xx_hal_tim.o
 .text.TIM_TI3_SetConfig
                0x000000000800433e       0x76 ./Drivers/STM32F4xx_HAL_Driver/Src/stm32f4xx_hal_tim.o
 .text.TIM_TI4_SetConfig
                0x00000000080043b4       0x78 ./Drivers/STM32F4xx_HAL_Driver/Src/stm32f4xx_hal_tim.o
 .text.TIM_ITRx_SetConfig
                0x000000000800442c       0x34 ./Drivers/STM32F4xx_HAL_Driver/Src/stm32f4xx_hal_tim.o
 .text.TIM_ETR_SetConfig
                0x0000000008004460       0x3e ./Drivers/STM32F4xx_HAL_Driver/Src/stm32f4xx_hal_tim.o
                0x0000000008004460                TIM_ETR_SetConfig
 *fill*         0x000000000800449e        0x2 
 .text.HAL_TIMEx_MasterConfigSynchronization
                0x00000000080044a0       0xd8 ./Drivers/STM32F4xx_HAL_Driver/Src/stm32f4xx_hal_tim_ex.o
                0x00000000080044a0                HAL_TIMEx_MasterConfigSynchronization
 .text.HAL_TIMEx_ConfigBreakDeadTime
                0x0000000008004578       0xa2 ./Drivers/STM32F4xx_HAL_Driver/Src/stm32f4xx_hal_tim_ex.o
                0x0000000008004578                HAL_TIMEx_ConfigBreakDeadTime
 .text.HAL_TIMEx_CommutCallback
                0x000000000800461a       0x12 ./Drivers/STM32F4xx_HAL_Driver/Src/stm32f4xx_hal_tim_ex.o
                0x000000000800461a                HAL_TIMEx_CommutCallback
 .text.HAL_TIMEx_BreakCallback
                0x000000000800462c       0x12 ./Drivers/STM32F4xx_HAL_Driver/Src/stm32f4xx_hal_tim_ex.o
                0x000000000800462c                HAL_TIMEx_BreakCallback
 *fill*         0x000000000800463e        0x2 
 .text.__libc_init_array
                0x0000000008004640       0x48 c:/st/stm32cubeide_1.11.0/stm32cubeide/plugins/com.st.stm32cube.ide.mcu.externaltools.gnu-tools-for-stm32.10.3-2021.10.win32_1.0.100.202210260954/tools/bin/../lib/gcc/arm-none-eabi/10.3.1/../../../../arm-none-eabi/lib/thumb/v7e-m/nofp\libc_nano.a(lib_a-init.o)
                0x0000000008004640                __libc_init_array
 .text.memset   0x0000000008004688       0x10 c:/st/stm32cubeide_1.11.0/stm32cubeide/plugins/com.st.stm32cube.ide.mcu.externaltools.gnu-tools-for-stm32.10.3-2021.10.win32_1.0.100.202210260954/tools/bin/../lib/gcc/arm-none-eabi/10.3.1/../../../../arm-none-eabi/lib/thumb/v7e-m/nofp\libc_nano.a(lib_a-memset.o)
                0x0000000008004688                memset
 *(.glue_7)
 .glue_7        0x0000000008004698        0x0 linker stubs
 *(.glue_7t)
 .glue_7t       0x0000000008004698        0x0 linker stubs
 *(.eh_frame)
 .eh_frame      0x0000000008004698        0x0 c:/st/stm32cubeide_1.11.0/stm32cubeide/plugins/com.st.stm32cube.ide.mcu.externaltools.gnu-tools-for-stm32.10.3-2021.10.win32_1.0.100.202210260954/tools/bin/../lib/gcc/arm-none-eabi/10.3.1/thumb/v7e-m/nofp/crtbegin.o
 *(.init)
 .init          0x0000000008004698        0x4 c:/st/stm32cubeide_1.11.0/stm32cubeide/plugins/com.st.stm32cube.ide.mcu.externaltools.gnu-tools-for-stm32.10.3-2021.10.win32_1.0.100.202210260954/tools/bin/../lib/gcc/arm-none-eabi/10.3.1/thumb/v7e-m/nofp/crti.o
                0x0000000008004698                _init
 .init          0x000000000800469c        0x8 c:/st/stm32cubeide_1.11.0/stm32cubeide/plugins/com.st.stm32cube.ide.mcu.externaltools.gnu-tools-for-stm32.10.3-2021.10.win32_1.0.100.202210260954/tools/bin/../lib/gcc/arm-none-eabi/10.3.1/thumb/v7e-m/nofp/crtn.o
 *(.fini)
 .fini          0x00000000080046a4        0x4 c:/st/stm32cubeide_1.11.0/stm32cubeide/plugins/com.st.stm32cube.ide.mcu.externaltools.gnu-tools-for-stm32.10.3-2021.10.win32_1.0.100.202210260954/tools/bin/../lib/gcc/arm-none-eabi/10.3.1/thumb/v7e-m/nofp/crti.o
                0x00000000080046a4                _fini
 .fini          0x00000000080046a8        0x8 c:/st/stm32cubeide_1.11.0/stm32cubeide/plugins/com.st.stm32cube.ide.mcu.externaltools.gnu-tools-for-stm32.10.3-2021.10.win32_1.0.100.202210260954/tools/bin/../lib/gcc/arm-none-eabi/10.3.1/thumb/v7e-m/nofp/crtn.o
                0x00000000080046b0                . = ALIGN (0x4)
                0x00000000080046b0                _etext = .

.vfp11_veneer   0x00000000080046b0        0x0
 .vfp11_veneer  0x00000000080046b0        0x0 linker stubs

.v4_bx          0x00000000080046b0        0x0
 .v4_bx         0x00000000080046b0        0x0 linker stubs

.iplt           0x00000000080046b0        0x0
 .iplt          0x00000000080046b0        0x0 c:/st/stm32cubeide_1.11.0/stm32cubeide/plugins/com.st.stm32cube.ide.mcu.externaltools.gnu-tools-for-stm32.10.3-2021.10.win32_1.0.100.202210260954/tools/bin/../lib/gcc/arm-none-eabi/10.3.1/thumb/v7e-m/nofp/crtbegin.o

.rodata         0x00000000080046b0       0x18
                0x00000000080046b0                . = ALIGN (0x4)
 *(.rodata)
 .rodata        0x00000000080046b0        0x8 ./Core/Src/main.o
 *(.rodata*)
 .rodata.AHBPrescTable
                0x00000000080046b8       0x10 ./Core/Src/system_stm32f4xx.o
                0x00000000080046b8                AHBPrescTable
                0x00000000080046c8                . = ALIGN (0x4)

.ARM.extab      0x00000000080046c8        0x0
                0x00000000080046c8                . = ALIGN (0x4)
 *(.ARM.extab* .gnu.linkonce.armextab.*)
                0x00000000080046c8                . = ALIGN (0x4)

.ARM            0x00000000080046c8        0x8
                0x00000000080046c8                . = ALIGN (0x4)
                0x00000000080046c8                __exidx_start = .
 *(.ARM.exidx*)
 .ARM.exidx     0x00000000080046c8        0x8 c:/st/stm32cubeide_1.11.0/stm32cubeide/plugins/com.st.stm32cube.ide.mcu.externaltools.gnu-tools-for-stm32.10.3-2021.10.win32_1.0.100.202210260954/tools/bin/../lib/gcc/arm-none-eabi/10.3.1/thumb/v7e-m/nofp\libgcc.a(_udivmoddi4.o)
                0x00000000080046d0                __exidx_end = .
                0x00000000080046d0                . = ALIGN (0x4)

.rel.dyn        0x00000000080046d0        0x0
 .rel.iplt      0x00000000080046d0        0x0 c:/st/stm32cubeide_1.11.0/stm32cubeide/plugins/com.st.stm32cube.ide.mcu.externaltools.gnu-tools-for-stm32.10.3-2021.10.win32_1.0.100.202210260954/tools/bin/../lib/gcc/arm-none-eabi/10.3.1/thumb/v7e-m/nofp/crtbegin.o

.preinit_array  0x00000000080046d0        0x0
                0x00000000080046d0                . = ALIGN (0x4)
                0x00000000080046d0                PROVIDE (__preinit_array_start = .)
 *(.preinit_array*)
                0x00000000080046d0                PROVIDE (__preinit_array_end = .)
                0x00000000080046d0                . = ALIGN (0x4)

.init_array     0x00000000080046d0        0x4
                0x00000000080046d0                . = ALIGN (0x4)
                0x00000000080046d0                PROVIDE (__init_array_start = .)
 *(SORT_BY_NAME(.init_array.*))
 *(.init_array*)
 .init_array    0x00000000080046d0        0x4 c:/st/stm32cubeide_1.11.0/stm32cubeide/plugins/com.st.stm32cube.ide.mcu.externaltools.gnu-tools-for-stm32.10.3-2021.10.win32_1.0.100.202210260954/tools/bin/../lib/gcc/arm-none-eabi/10.3.1/thumb/v7e-m/nofp/crtbegin.o
                0x00000000080046d4                PROVIDE (__init_array_end = .)
                0x00000000080046d4                . = ALIGN (0x4)

.fini_array     0x00000000080046d4        0x4
                0x00000000080046d4                . = ALIGN (0x4)
                [!provide]                        PROVIDE (__fini_array_start = .)
 *(SORT_BY_NAME(.fini_array.*))
 *(.fini_array*)
 .fini_array    0x00000000080046d4        0x4 c:/st/stm32cubeide_1.11.0/stm32cubeide/plugins/com.st.stm32cube.ide.mcu.externaltools.gnu-tools-for-stm32.10.3-2021.10.win32_1.0.100.202210260954/tools/bin/../lib/gcc/arm-none-eabi/10.3.1/thumb/v7e-m/nofp/crtbegin.o
                [!provide]                        PROVIDE (__fini_array_end = .)
                0x00000000080046d8                . = ALIGN (0x4)
                0x00000000080046d8                _sidata = LOADADDR (.data)

.data           0x0000000020000000       0x10 load address 0x00000000080046d8
                0x0000000020000000                . = ALIGN (0x4)
                0x0000000020000000                _sdata = .
 *(.data)
 *(.data*)
 .data.expected_message_size
                0x0000000020000000        0x2 ./Core/Src/ring_buffer.o
                0x0000000020000000                expected_message_size
 *fill*         0x0000000020000002        0x2 
 .data.SystemCoreClock
                0x0000000020000004        0x4 ./Core/Src/system_stm32f4xx.o
                0x0000000020000004                SystemCoreClock
 .data.uwTickPrio
                0x0000000020000008        0x4 ./Drivers/STM32F4xx_HAL_Driver/Src/stm32f4xx_hal.o
                0x0000000020000008                uwTickPrio
 .data.uwTickFreq
                0x000000002000000c        0x1 ./Drivers/STM32F4xx_HAL_Driver/Src/stm32f4xx_hal.o
                0x000000002000000c                uwTickFreq
 *(.RamFunc)
 *(.RamFunc*)
                0x0000000020000010                . = ALIGN (0x4)
 *fill*         0x000000002000000d        0x3 
                0x0000000020000010                _edata = .

.igot.plt       0x0000000020000010        0x0 load address 0x00000000080046e8
 .igot.plt      0x0000000020000010        0x0 c:/st/stm32cubeide_1.11.0/stm32cubeide/plugins/com.st.stm32cube.ide.mcu.externaltools.gnu-tools-for-stm32.10.3-2021.10.win32_1.0.100.202210260954/tools/bin/../lib/gcc/arm-none-eabi/10.3.1/thumb/v7e-m/nofp/crtbegin.o
                0x0000000020000010                . = ALIGN (0x4)

.bss            0x0000000020000010      0x570 load address 0x00000000080046e8
                0x0000000020000010                _sbss = .
                0x0000000020000010                __bss_start__ = _sbss
 *(.bss)
 .bss           0x0000000020000010       0x1c c:/st/stm32cubeide_1.11.0/stm32cubeide/plugins/com.st.stm32cube.ide.mcu.externaltools.gnu-tools-for-stm32.10.3-2021.10.win32_1.0.100.202210260954/tools/bin/../lib/gcc/arm-none-eabi/10.3.1/thumb/v7e-m/nofp/crtbegin.o
 *(.bss*)
 .bss.hcrc      0x000000002000002c        0x8 ./Core/Src/main.o
                0x000000002000002c                hcrc
 .bss.hspi1     0x0000000020000034       0x58 ./Core/Src/main.o
                0x0000000020000034                hspi1
 .bss.htim1     0x000000002000008c       0x48 ./Core/Src/main.o
                0x000000002000008c                htim1
 .bss.htim2     0x00000000200000d4       0x48 ./Core/Src/main.o
                0x00000000200000d4                htim2
 .bss.htim3     0x000000002000011c       0x48 ./Core/Src/main.o
                0x000000002000011c                htim3
 .bss.nrf24_rx_flag
                0x0000000020000164        0x1 ./Core/Src/main.o
                0x0000000020000164                nrf24_rx_flag
 *fill*         0x0000000020000165        0x3 
 .bss.hspi_nrf  0x0000000020000168        0x4 ./Core/Src/nRF24.o
 .bss.addr_p0_backup
                0x000000002000016c        0x3 ./Core/Src/nRF24.o
 *fill*         0x000000002000016f        0x1 
 .bss.chunk     0x0000000020000170       0x20 ./Core/Src/ring_buffer.o
                0x0000000020000170                chunk
 .bss.rx_ring_buffer
                0x0000000020000190      0x3e8 ./Core/Src/ring_buffer.o
                0x0000000020000190                rx_ring_buffer
 .bss.rx_head   0x0000000020000578        0x2 ./Core/Src/ring_buffer.o
                0x0000000020000578                rx_head
 .bss.rx_tail   0x000000002000057a        0x2 ./Core/Src/ring_buffer.o
                0x000000002000057a                rx_tail
 .bss.uwTick    0x000000002000057c        0x4 ./Drivers/STM32F4xx_HAL_Driver/Src/stm32f4xx_hal.o
                0x000000002000057c                uwTick
 *(COMMON)
                0x0000000020000580                . = ALIGN (0x4)
                0x0000000020000580                _ebss = .
                0x0000000020000580                __bss_end__ = _ebss

._user_heap_stack
                0x0000000020000580      0x600 load address 0x00000000080046e8
                0x0000000020000580                . = ALIGN (0x8)
                [!provide]                        PROVIDE (end = .)
                0x0000000020000580                PROVIDE (_end = .)
                0x0000000020000780                . = (. + _Min_Heap_Size)
 *fill*         0x0000000020000580      0x200 
                0x0000000020000b80                . = (. + _Min_Stack_Size)
 *fill*         0x0000000020000780      0x400 
                0x0000000020000b80                . = ALIGN (0x8)

/DISCARD/
 libc.a(*)
 libm.a(*)
 libgcc.a(*)

.ARM.attributes
                0x0000000000000000       0x2a
 *(.ARM.attributes)
 .ARM.attributes
                0x0000000000000000       0x1e c:/st/stm32cubeide_1.11.0/stm32cubeide/plugins/com.st.stm32cube.ide.mcu.externaltools.gnu-tools-for-stm32.10.3-2021.10.win32_1.0.100.202210260954/tools/bin/../lib/gcc/arm-none-eabi/10.3.1/thumb/v7e-m/nofp/crti.o
 .ARM.attributes
                0x000000000000001e       0x2e c:/st/stm32cubeide_1.11.0/stm32cubeide/plugins/com.st.stm32cube.ide.mcu.externaltools.gnu-tools-for-stm32.10.3-2021.10.win32_1.0.100.202210260954/tools/bin/../lib/gcc/arm-none-eabi/10.3.1/thumb/v7e-m/nofp/crtbegin.o
 .ARM.attributes
                0x000000000000004c       0x2e ./Core/Src/main.o
 .ARM.attributes
                0x000000000000007a       0x2e ./Core/Src/nRF24.o
 .ARM.attributes
                0x00000000000000a8       0x2e ./Core/Src/ring_buffer.o
 .ARM.attributes
                0x00000000000000d6       0x2e ./Core/Src/stm32f4xx_hal_msp.o
 .ARM.attributes
                0x0000000000000104       0x2e ./Core/Src/stm32f4xx_it.o
 .ARM.attributes
                0x0000000000000132       0x2e ./Core/Src/system_stm32f4xx.o
 .ARM.attributes
                0x0000000000000160       0x21 ./Core/Startup/startup_stm32f411retx.o
 .ARM.attributes
                0x0000000000000181       0x2e ./Drivers/STM32F4xx_HAL_Driver/Src/stm32f4xx_hal.o
 .ARM.attributes
                0x00000000000001af       0x2e ./Drivers/STM32F4xx_HAL_Driver/Src/stm32f4xx_hal_cortex.o
 .ARM.attributes
                0x00000000000001dd       0x2e ./Drivers/STM32F4xx_HAL_Driver/Src/stm32f4xx_hal_crc.o
 .ARM.attributes
                0x000000000000020b       0x2e ./Drivers/STM32F4xx_HAL_Driver/Src/stm32f4xx_hal_gpio.o
 .ARM.attributes
                0x0000000000000239       0x2e ./Drivers/STM32F4xx_HAL_Driver/Src/stm32f4xx_hal_rcc.o
 .ARM.attributes
                0x0000000000000267       0x2e ./Drivers/STM32F4xx_HAL_Driver/Src/stm32f4xx_hal_spi.o
 .ARM.attributes
                0x0000000000000295       0x2e ./Drivers/STM32F4xx_HAL_Driver/Src/stm32f4xx_hal_tim.o
 .ARM.attributes
                0x00000000000002c3       0x2e ./Drivers/STM32F4xx_HAL_Driver/Src/stm32f4xx_hal_tim_ex.o
 .ARM.attributes
                0x00000000000002f1       0x2e c:/st/stm32cubeide_1.11.0/stm32cubeide/plugins/com.st.stm32cube.ide.mcu.externaltools.gnu-tools-for-stm32.10.3-2021.10.win32_1.0.100.202210260954/tools/bin/../lib/gcc/arm-none-eabi/10.3.1/../../../../arm-none-eabi/lib/thumb/v7e-m/nofp\libc_nano.a(lib_a-init.o)
 .ARM.attributes
                0x000000000000031f       0x2e c:/st/stm32cubeide_1.11.0/stm32cubeide/plugins/com.st.stm32cube.ide.mcu.externaltools.gnu-tools-for-stm32.10.3-2021.10.win32_1.0.100.202210260954/tools/bin/../lib/gcc/arm-none-eabi/10.3.1/../../../../arm-none-eabi/lib/thumb/v7e-m/nofp\libc_nano.a(lib_a-memset.o)
 .ARM.attributes
                0x000000000000034d       0x1e c:/st/stm32cubeide_1.11.0/stm32cubeide/plugins/com.st.stm32cube.ide.mcu.externaltools.gnu-tools-for-stm32.10.3-2021.10.win32_1.0.100.202210260954/tools/bin/../lib/gcc/arm-none-eabi/10.3.1/thumb/v7e-m/nofp\libgcc.a(_aeabi_uldivmod.o)
 .ARM.attributes
                0x000000000000036b       0x2e c:/st/stm32cubeide_1.11.0/stm32cubeide/plugins/com.st.stm32cube.ide.mcu.externaltools.gnu-tools-for-stm32.10.3-2021.10.win32_1.0.100.202210260954/tools/bin/../lib/gcc/arm-none-eabi/10.3.1/thumb/v7e-m/nofp\libgcc.a(_udivmoddi4.o)
 .ARM.attributes
                0x0000000000000399       0x1e c:/st/stm32cubeide_1.11.0/stm32cubeide/plugins/com.st.stm32cube.ide.mcu.externaltools.gnu-tools-for-stm32.10.3-2021.10.win32_1.0.100.202210260954/tools/bin/../lib/gcc/arm-none-eabi/10.3.1/thumb/v7e-m/nofp\libgcc.a(_dvmd_tls.o)
 .ARM.attributes
                0x00000000000003b7       0x1e c:/st/stm32cubeide_1.11.0/stm32cubeide/plugins/com.st.stm32cube.ide.mcu.externaltools.gnu-tools-for-stm32.10.3-2021.10.win32_1.0.100.202210260954/tools/bin/../lib/gcc/arm-none-eabi/10.3.1/thumb/v7e-m/nofp/crtn.o
OUTPUT(Device_A.elf elf32-littlearm)
LOAD linker stubs
LOAD c:/st/stm32cubeide_1.11.0/stm32cubeide/plugins/com.st.stm32cube.ide.mcu.externaltools.gnu-tools-for-stm32.10.3-2021.10.win32_1.0.100.202210260954/tools/bin/../lib/gcc/arm-none-eabi/10.3.1/../../../../arm-none-eabi/lib/thumb/v7e-m/nofp\libc.a
LOAD c:/st/stm32cubeide_1.11.0/stm32cubeide/plugins/com.st.stm32cube.ide.mcu.externaltools.gnu-tools-for-stm32.10.3-2021.10.win32_1.0.100.202210260954/tools/bin/../lib/gcc/arm-none-eabi/10.3.1/../../../../arm-none-eabi/lib/thumb/v7e-m/nofp\libm.a
LOAD c:/st/stm32cubeide_1.11.0/stm32cubeide/plugins/com.st.stm32cube.ide.mcu.externaltools.gnu-tools-for-stm32.10.3-2021.10.win32_1.0.100.202210260954/tools/bin/../lib/gcc/arm-none-eabi/10.3.1/thumb/v7e-m/nofp\libgcc.a

.debug_info     0x0000000000000000     0xccf7
 .debug_info    0x0000000000000000     0x180e ./Core/Src/main.o
 .debug_info    0x000000000000180e      0xf33 ./Core/Src/nRF24.o
 .debug_info    0x0000000000002741      0x483 ./Core/Src/ring_buffer.o
 .debug_info    0x0000000000002bc4     0x11be ./Core/Src/stm32f4xx_hal_msp.o
 .debug_info    0x0000000000003d82      0x78f ./Core/Src/stm32f4xx_it.o
 .debug_info    0x0000000000004511      0x394 ./Core/Src/system_stm32f4xx.o
 .debug_info    0x00000000000048a5       0x22 ./Core/Startup/startup_stm32f411retx.o
 .debug_info    0x00000000000048c7      0x90d ./Drivers/STM32F4xx_HAL_Driver/Src/stm32f4xx_hal.o
 .debug_info    0x00000000000051d4      0xd8b ./Drivers/STM32F4xx_HAL_Driver/Src/stm32f4xx_hal_cortex.o
 .debug_info    0x0000000000005f5f      0x39f ./Drivers/STM32F4xx_HAL_Driver/Src/stm32f4xx_hal_crc.o
 .debug_info    0x00000000000062fe      0x78e ./Drivers/STM32F4xx_HAL_Driver/Src/stm32f4xx_hal_gpio.o
 .debug_info    0x0000000000006a8c      0x98d ./Drivers/STM32F4xx_HAL_Driver/Src/stm32f4xx_hal_rcc.o
 .debug_info    0x0000000000007419     0x1750 ./Drivers/STM32F4xx_HAL_Driver/Src/stm32f4xx_hal_spi.o
 .debug_info    0x0000000000008b69     0x2bb6 ./Drivers/STM32F4xx_HAL_Driver/Src/stm32f4xx_hal_tim.o
 .debug_info    0x000000000000b71f     0x15d8 ./Drivers/STM32F4xx_HAL_Driver/Src/stm32f4xx_hal_tim_ex.o

.debug_abbrev   0x0000000000000000     0x1f54
 .debug_abbrev  0x0000000000000000      0x2f4 ./Core/Src/main.o
 .debug_abbrev  0x00000000000002f4      0x2c8 ./Core/Src/nRF24.o
 .debug_abbrev  0x00000000000005bc      0x208 ./Core/Src/ring_buffer.o
 .debug_abbrev  0x00000000000007c4      0x23b ./Core/Src/stm32f4xx_hal_msp.o
 .debug_abbrev  0x00000000000009ff      0x1aa ./Core/Src/stm32f4xx_it.o
 .debug_abbrev  0x0000000000000ba9      0x116 ./Core/Src/system_stm32f4xx.o
 .debug_abbrev  0x0000000000000cbf       0x12 ./Core/Startup/startup_stm32f411retx.o
 .debug_abbrev  0x0000000000000cd1      0x23e ./Drivers/STM32F4xx_HAL_Driver/Src/stm32f4xx_hal.o
 .debug_abbrev  0x0000000000000f0f      0x316 ./Drivers/STM32F4xx_HAL_Driver/Src/stm32f4xx_hal_cortex.o
 .debug_abbrev  0x0000000000001225      0x16f ./Drivers/STM32F4xx_HAL_Driver/Src/stm32f4xx_hal_crc.o
 .debug_abbrev  0x0000000000001394      0x1c4 ./Drivers/STM32F4xx_HAL_Driver/Src/stm32f4xx_hal_gpio.o
 .debug_abbrev  0x0000000000001558      0x2aa ./Drivers/STM32F4xx_HAL_Driver/Src/stm32f4xx_hal_rcc.o
 .debug_abbrev  0x0000000000001802      0x26e ./Drivers/STM32F4xx_HAL_Driver/Src/stm32f4xx_hal_spi.o
 .debug_abbrev  0x0000000000001a70      0x26e ./Drivers/STM32F4xx_HAL_Driver/Src/stm32f4xx_hal_tim.o
 .debug_abbrev  0x0000000000001cde      0x276 ./Drivers/STM32F4xx_HAL_Driver/Src/stm32f4xx_hal_tim_ex.o

.debug_aranges  0x0000000000000000      0xd78
 .debug_aranges
                0x0000000000000000       0x68 ./Core/Src/main.o
 .debug_aranges
                0x0000000000000068      0x150 ./Core/Src/nRF24.o
 .debug_aranges
                0x00000000000001b8       0x50 ./Core/Src/ring_buffer.o
 .debug_aranges
                0x0000000000000208       0x68 ./Core/Src/stm32f4xx_hal_msp.o
 .debug_aranges
                0x0000000000000270       0x78 ./Core/Src/stm32f4xx_it.o
 .debug_aranges
                0x00000000000002e8       0x28 ./Core/Src/system_stm32f4xx.o
 .debug_aranges
                0x0000000000000310       0x28 ./Core/Startup/startup_stm32f411retx.o
 .debug_aranges
                0x0000000000000338       0xf0 ./Drivers/STM32F4xx_HAL_Driver/Src/stm32f4xx_hal.o
 .debug_aranges
                0x0000000000000428      0x118 ./Drivers/STM32F4xx_HAL_Driver/Src/stm32f4xx_hal_cortex.o
 .debug_aranges
                0x0000000000000540       0x50 ./Drivers/STM32F4xx_HAL_Driver/Src/stm32f4xx_hal_crc.o
 .debug_aranges
                0x0000000000000590       0x58 ./Drivers/STM32F4xx_HAL_Driver/Src/stm32f4xx_hal_gpio.o
 .debug_aranges
                0x00000000000005e8       0x88 ./Drivers/STM32F4xx_HAL_Driver/Src/stm32f4xx_hal_rcc.o
 .debug_aranges
                0x0000000000000670      0x1d0 ./Drivers/STM32F4xx_HAL_Driver/Src/stm32f4xx_hal_spi.o
 .debug_aranges
                0x0000000000000840      0x3d0 ./Drivers/STM32F4xx_HAL_Driver/Src/stm32f4xx_hal_tim.o
 .debug_aranges
                0x0000000000000c10      0x168 ./Drivers/STM32F4xx_HAL_Driver/Src/stm32f4xx_hal_tim_ex.o

.debug_ranges   0x0000000000000000      0xc90
 .debug_ranges  0x0000000000000000       0x58 ./Core/Src/main.o
 .debug_ranges  0x0000000000000058      0x140 ./Core/Src/nRF24.o
 .debug_ranges  0x0000000000000198       0x40 ./Core/Src/ring_buffer.o
 .debug_ranges  0x00000000000001d8       0x58 ./Core/Src/stm32f4xx_hal_msp.o
 .debug_ranges  0x0000000000000230       0x68 ./Core/Src/stm32f4xx_it.o
 .debug_ranges  0x0000000000000298       0x18 ./Core/Src/system_stm32f4xx.o
 .debug_ranges  0x00000000000002b0       0x20 ./Core/Startup/startup_stm32f411retx.o
 .debug_ranges  0x00000000000002d0       0xe0 ./Drivers/STM32F4xx_HAL_Driver/Src/stm32f4xx_hal.o
 .debug_ranges  0x00000000000003b0      0x108 ./Drivers/STM32F4xx_HAL_Driver/Src/stm32f4xx_hal_cortex.o
 .debug_ranges  0x00000000000004b8       0x40 ./Drivers/STM32F4xx_HAL_Driver/Src/stm32f4xx_hal_crc.o
 .debug_ranges  0x00000000000004f8       0x48 ./Drivers/STM32F4xx_HAL_Driver/Src/stm32f4xx_hal_gpio.o
 .debug_ranges  0x0000000000000540       0x78 ./Drivers/STM32F4xx_HAL_Driver/Src/stm32f4xx_hal_rcc.o
 .debug_ranges  0x00000000000005b8      0x1c0 ./Drivers/STM32F4xx_HAL_Driver/Src/stm32f4xx_hal_spi.o
 .debug_ranges  0x0000000000000778      0x3c0 ./Drivers/STM32F4xx_HAL_Driver/Src/stm32f4xx_hal_tim.o
 .debug_ranges  0x0000000000000b38      0x158 ./Drivers/STM32F4xx_HAL_Driver/Src/stm32f4xx_hal_tim_ex.o

.debug_macro    0x0000000000000000    0x17761
 .debug_macro   0x0000000000000000      0x67b ./Core/Src/main.o
 .debug_macro   0x000000000000067b      0xa6c ./Core/Src/main.o
 .debug_macro   0x00000000000010e7      0x2a1 ./Core/Src/main.o
 .debug_macro   0x0000000000001388       0x2e ./Core/Src/main.o
 .debug_macro   0x00000000000013b6       0x28 ./Core/Src/main.o
 .debug_macro   0x00000000000013de       0x22 ./Core/Src/main.o
 .debug_macro   0x0000000000001400       0x8e ./Core/Src/main.o
 .debug_macro   0x000000000000148e       0x51 ./Core/Src/main.o
 .debug_macro   0x00000000000014df      0x103 ./Core/Src/main.o
 .debug_macro   0x00000000000015e2       0x6a ./Core/Src/main.o
 .debug_macro   0x000000000000164c      0x1df ./Core/Src/main.o
 .debug_macro   0x000000000000182b       0x1c ./Core/Src/main.o
 .debug_macro   0x0000000000001847       0x22 ./Core/Src/main.o
 .debug_macro   0x0000000000001869       0xd9 ./Core/Src/main.o
 .debug_macro   0x0000000000001942     0x102d ./Core/Src/main.o
 .debug_macro   0x000000000000296f      0x11f ./Core/Src/main.o
 .debug_macro   0x0000000000002a8e     0xb953 ./Core/Src/main.o
 .debug_macro   0x000000000000e3e1       0x6d ./Core/Src/main.o
 .debug_macro   0x000000000000e44e     0x367e ./Core/Src/main.o
 .debug_macro   0x0000000000011acc      0x174 ./Core/Src/main.o
 .debug_macro   0x0000000000011c40       0x5c ./Core/Src/main.o
 .debug_macro   0x0000000000011c9c      0x447 ./Core/Src/main.o
 .debug_macro   0x00000000000120e3      0x9fe ./Core/Src/main.o
 .debug_macro   0x0000000000012ae1      0x115 ./Core/Src/main.o
 .debug_macro   0x0000000000012bf6      0x11b ./Core/Src/main.o
 .debug_macro   0x0000000000012d11       0xa5 ./Core/Src/main.o
 .debug_macro   0x0000000000012db6      0x15f ./Core/Src/main.o
 .debug_macro   0x0000000000012f15      0x287 ./Core/Src/main.o
 .debug_macro   0x000000000001319c       0x5f ./Core/Src/main.o
 .debug_macro   0x00000000000131fb      0x236 ./Core/Src/main.o
 .debug_macro   0x0000000000013431       0x22 ./Core/Src/main.o
 .debug_macro   0x0000000000013453      0x132 ./Core/Src/main.o
 .debug_macro   0x0000000000013585      0x264 ./Core/Src/main.o
 .debug_macro   0x00000000000137e9       0x2e ./Core/Src/main.o
 .debug_macro   0x0000000000013817      0x11a ./Core/Src/main.o
 .debug_macro   0x0000000000013931       0x85 ./Core/Src/main.o
 .debug_macro   0x00000000000139b6       0x89 ./Core/Src/main.o
 .debug_macro   0x0000000000013a3f      0x225 ./Core/Src/main.o
 .debug_macro   0x0000000000013c64      0x8e6 ./Core/Src/main.o
 .debug_macro   0x000000000001454a       0x47 ./Core/Src/main.o
 .debug_macro   0x0000000000014591      0x126 ./Core/Src/main.o
 .debug_macro   0x00000000000146b7       0x52 ./Core/Src/main.o
 .debug_macro   0x0000000000014709       0x18 ./Core/Src/main.o
 .debug_macro   0x0000000000014721       0x3c ./Core/Src/main.o
 .debug_macro   0x000000000001475d       0x34 ./Core/Src/main.o
 .debug_macro   0x0000000000014791       0x16 ./Core/Src/main.o
 .debug_macro   0x00000000000147a7       0x43 ./Core/Src/main.o
 .debug_macro   0x00000000000147ea       0x34 ./Core/Src/main.o
 .debug_macro   0x000000000001481e       0x10 ./Core/Src/main.o
 .debug_macro   0x000000000001482e       0x58 ./Core/Src/main.o
 .debug_macro   0x0000000000014886       0x71 ./Core/Src/main.o
 .debug_macro   0x00000000000148f7       0x1c ./Core/Src/main.o
 .debug_macro   0x0000000000014913      0x12a ./Core/Src/main.o
 .debug_macro   0x0000000000014a3d      0x341 ./Core/Src/main.o
 .debug_macro   0x0000000000014d7e       0x10 ./Core/Src/main.o
 .debug_macro   0x0000000000014d8e       0x35 ./Core/Src/main.o
 .debug_macro   0x0000000000014dc3       0x20 ./Core/Src/main.o
 .debug_macro   0x0000000000014de3       0x46 ./Core/Src/main.o
 .debug_macro   0x0000000000014e29       0x1c ./Core/Src/main.o
 .debug_macro   0x0000000000014e45       0x10 ./Core/Src/main.o
 .debug_macro   0x0000000000014e55       0x10 ./Core/Src/main.o
 .debug_macro   0x0000000000014e65       0x1c ./Core/Src/main.o
 .debug_macro   0x0000000000014e81       0x52 ./Core/Src/main.o
 .debug_macro   0x0000000000014ed3       0x22 ./Core/Src/main.o
 .debug_macro   0x0000000000014ef5       0x10 ./Core/Src/main.o
 .debug_macro   0x0000000000014f05       0x52 ./Core/Src/main.o
 .debug_macro   0x0000000000014f57       0xd5 ./Core/Src/main.o
 .debug_macro   0x000000000001502c       0x1c ./Core/Src/main.o
 .debug_macro   0x0000000000015048       0x3d ./Core/Src/main.o
 .debug_macro   0x0000000000015085       0x16 ./Core/Src/main.o
 .debug_macro   0x000000000001509b      0x145 ./Core/Src/main.o
 .debug_macro   0x00000000000151e0      0x220 ./Core/Src/main.o
 .debug_macro   0x0000000000015400       0x10 ./Core/Src/main.o
 .debug_macro   0x0000000000015410      0x147 ./Core/Src/main.o
 .debug_macro   0x0000000000015557       0x42 ./Core/Src/main.o
 .debug_macro   0x0000000000015599       0x16 ./Core/Src/main.o
 .debug_macro   0x00000000000155af       0x16 ./Core/Src/main.o
 .debug_macro   0x00000000000155c5       0x29 ./Core/Src/main.o
 .debug_macro   0x00000000000155ee       0x78 ./Core/Src/main.o
 .debug_macro   0x0000000000015666      0x214 ./Core/Src/main.o
 .debug_macro   0x000000000001587a       0x82 ./Core/Src/main.o
 .debug_macro   0x00000000000158fc       0x6d ./Core/Src/main.o
 .debug_macro   0x0000000000015969       0x3a ./Core/Src/main.o
 .debug_macro   0x00000000000159a3       0x16 ./Core/Src/main.o
 .debug_macro   0x00000000000159b9       0x16 ./Core/Src/main.o
 .debug_macro   0x00000000000159cf       0x16 ./Core/Src/main.o
 .debug_macro   0x00000000000159e5       0x10 ./Core/Src/main.o
 .debug_macro   0x00000000000159f5       0x10 ./Core/Src/main.o
 .debug_macro   0x0000000000015a05       0x10 ./Core/Src/main.o
 .debug_macro   0x0000000000015a15       0x10 ./Core/Src/main.o
 .debug_macro   0x0000000000015a25       0x10 ./Core/Src/main.o
 .debug_macro   0x0000000000015a35       0x10 ./Core/Src/main.o
 .debug_macro   0x0000000000015a45       0x34 ./Core/Src/main.o
 .debug_macro   0x0000000000015a79       0x10 ./Core/Src/main.o
 .debug_macro   0x0000000000015a89       0x3a ./Core/Src/main.o
 .debug_macro   0x0000000000015ac3       0x16 ./Core/Src/main.o
 .debug_macro   0x0000000000015ad9       0x1c ./Core/Src/main.o
 .debug_macro   0x0000000000015af5      0x2ee ./Core/Src/nRF24.o
 .debug_macro   0x0000000000015de3      0x2d8 ./Core/Src/ring_buffer.o
 .debug_macro   0x00000000000160bb      0x2b5 ./Core/Src/stm32f4xx_hal_msp.o
 .debug_macro   0x0000000000016370      0x2bf ./Core/Src/stm32f4xx_it.o
 .debug_macro   0x000000000001662f      0x1d8 ./Core/Src/system_stm32f4xx.o
 .debug_macro   0x0000000000016807      0x238 ./Drivers/STM32F4xx_HAL_Driver/Src/stm32f4xx_hal.o
 .debug_macro   0x0000000000016a3f      0x1d8 ./Drivers/STM32F4xx_HAL_Driver/Src/stm32f4xx_hal_cortex.o
 .debug_macro   0x0000000000016c17      0x1d8 ./Drivers/STM32F4xx_HAL_Driver/Src/stm32f4xx_hal_crc.o
 .debug_macro   0x0000000000016def      0x1de ./Drivers/STM32F4xx_HAL_Driver/Src/stm32f4xx_hal_gpio.o
 .debug_macro   0x0000000000016fcd      0x1fc ./Drivers/STM32F4xx_HAL_Driver/Src/stm32f4xx_hal_rcc.o
 .debug_macro   0x00000000000171c9      0x1e7 ./Drivers/STM32F4xx_HAL_Driver/Src/stm32f4xx_hal_spi.o
 .debug_macro   0x00000000000173b0      0x1d9 ./Drivers/STM32F4xx_HAL_Driver/Src/stm32f4xx_hal_tim.o
 .debug_macro   0x0000000000017589      0x1d8 ./Drivers/STM32F4xx_HAL_Driver/Src/stm32f4xx_hal_tim_ex.o

.debug_line     0x0000000000000000     0xf879
 .debug_line    0x0000000000000000     0x2491 ./Core/Src/main.o
 .debug_line    0x0000000000002491      0xdf1 ./Core/Src/nRF24.o
 .debug_line    0x0000000000003282      0xa82 ./Core/Src/ring_buffer.o
 .debug_line    0x0000000000003d04      0x998 ./Core/Src/stm32f4xx_hal_msp.o
 .debug_line    0x000000000000469c      0x943 ./Core/Src/stm32f4xx_it.o
 .debug_line    0x0000000000004fdf      0x756 ./Core/Src/system_stm32f4xx.o
 .debug_line    0x0000000000005735       0x88 ./Core/Startup/startup_stm32f411retx.o
 .debug_line    0x00000000000057bd      0x9c1 ./Drivers/STM32F4xx_HAL_Driver/Src/stm32f4xx_hal.o
 .debug_line    0x000000000000617e      0xc70 ./Drivers/STM32F4xx_HAL_Driver/Src/stm32f4xx_hal_cortex.o
 .debug_line    0x0000000000006dee      0x820 ./Drivers/STM32F4xx_HAL_Driver/Src/stm32f4xx_hal_crc.o
 .debug_line    0x000000000000760e      0xaf9 ./Drivers/STM32F4xx_HAL_Driver/Src/stm32f4xx_hal_gpio.o
 .debug_line    0x0000000000008107      0xd3b ./Drivers/STM32F4xx_HAL_Driver/Src/stm32f4xx_hal_rcc.o
 .debug_line    0x0000000000008e42     0x1c4b ./Drivers/STM32F4xx_HAL_Driver/Src/stm32f4xx_hal_spi.o
 .debug_line    0x000000000000aa8d     0x3492 ./Drivers/STM32F4xx_HAL_Driver/Src/stm32f4xx_hal_tim.o
 .debug_line    0x000000000000df1f     0x195a ./Drivers/STM32F4xx_HAL_Driver/Src/stm32f4xx_hal_tim_ex.o

.debug_str      0x0000000000000000    0x9064b
 .debug_str     0x0000000000000000    0x8dad8 ./Core/Src/main.o
                                      0x8df7a (size before relaxing)
 .debug_str     0x000000000008dad8      0x45b ./Core/Src/nRF24.o
                                      0x8a113 (size before relaxing)
 .debug_str     0x000000000008df33      0x118 ./Core/Src/ring_buffer.o
                                      0x8992e (size before relaxing)
 .debug_str     0x000000000008e04b      0x102 ./Core/Src/stm32f4xx_hal_msp.o
                                      0x89e74 (size before relaxing)
 .debug_str     0x000000000008e14d      0x128 ./Core/Src/stm32f4xx_it.o
                                      0x896af (size before relaxing)
 .debug_str     0x000000000008e275       0x87 ./Core/Src/system_stm32f4xx.o
                                      0x862cb (size before relaxing)
 .debug_str     0x000000000008e2fc       0x36 ./Core/Startup/startup_stm32f411retx.o
                                         0x6e (size before relaxing)
 .debug_str     0x000000000008e332      0x5f7 ./Drivers/STM32F4xx_HAL_Driver/Src/stm32f4xx_hal.o
                                      0x86d4b (size before relaxing)
 .debug_str     0x000000000008e929      0x381 ./Drivers/STM32F4xx_HAL_Driver/Src/stm32f4xx_hal_cortex.o
                                      0x86a6c (size before relaxing)
 .debug_str     0x000000000008ecaa       0x9d ./Drivers/STM32F4xx_HAL_Driver/Src/stm32f4xx_hal_crc.o
                                      0x8633b (size before relaxing)
 .debug_str     0x000000000008ed47       0xf0 ./Drivers/STM32F4xx_HAL_Driver/Src/stm32f4xx_hal_gpio.o
                                      0x8649a (size before relaxing)
 .debug_str     0x000000000008ee37      0x233 ./Drivers/STM32F4xx_HAL_Driver/Src/stm32f4xx_hal_rcc.o
                                      0x86753 (size before relaxing)
 .debug_str     0x000000000008f06a      0x57c ./Drivers/STM32F4xx_HAL_Driver/Src/stm32f4xx_hal_spi.o
                                      0x86bd1 (size before relaxing)
 .debug_str     0x000000000008f5e6      0xc84 ./Drivers/STM32F4xx_HAL_Driver/Src/stm32f4xx_hal_tim.o
                                      0x87687 (size before relaxing)
 .debug_str     0x000000000009026a      0x3e1 ./Drivers/STM32F4xx_HAL_Driver/Src/stm32f4xx_hal_tim_ex.o
                                      0x86ea3 (size before relaxing)

.comment        0x0000000000000000       0x50
 .comment       0x0000000000000000       0x50 ./Core/Src/main.o
                                         0x51 (size before relaxing)
 .comment       0x0000000000000050       0x51 ./Core/Src/nRF24.o
 .comment       0x0000000000000050       0x51 ./Core/Src/ring_buffer.o
 .comment       0x0000000000000050       0x51 ./Core/Src/stm32f4xx_hal_msp.o
 .comment       0x0000000000000050       0x51 ./Core/Src/stm32f4xx_it.o
 .comment       0x0000000000000050       0x51 ./Core/Src/system_stm32f4xx.o
 .comment       0x0000000000000050       0x51 ./Drivers/STM32F4xx_HAL_Driver/Src/stm32f4xx_hal.o
 .comment       0x0000000000000050       0x51 ./Drivers/STM32F4xx_HAL_Driver/Src/stm32f4xx_hal_cortex.o
 .comment       0x0000000000000050       0x51 ./Drivers/STM32F4xx_HAL_Driver/Src/stm32f4xx_hal_crc.o
 .comment       0x0000000000000050       0x51 ./Drivers/STM32F4xx_HAL_Driver/Src/stm32f4xx_hal_gpio.o
 .comment       0x0000000000000050       0x51 ./Drivers/STM32F4xx_HAL_Driver/Src/stm32f4xx_hal_rcc.o
 .comment       0x0000000000000050       0x51 ./Drivers/STM32F4xx_HAL_Driver/Src/stm32f4xx_hal_spi.o
 .comment       0x0000000000000050       0x51 ./Drivers/STM32F4xx_HAL_Driver/Src/stm32f4xx_hal_tim.o
 .comment       0x0000000000000050       0x51 ./Drivers/STM32F4xx_HAL_Driver/Src/stm32f4xx_hal_tim_ex.o

.debug_frame    0x0000000000000000     0x3860
 .debug_frame   0x0000000000000000      0x150 ./Core/Src/main.o
 .debug_frame   0x0000000000000150      0x584 ./Core/Src/nRF24.o
 .debug_frame   0x00000000000006d4      0x120 ./Core/Src/ring_buffer.o
 .debug_frame   0x00000000000007f4      0x18c ./Core/Src/stm32f4xx_hal_msp.o
 .debug_frame   0x0000000000000980      0x158 ./Core/Src/stm32f4xx_it.o
 .debug_frame   0x0000000000000ad8       0x58 ./Core/Src/system_stm32f4xx.o
 .debug_frame   0x0000000000000b30      0x374 ./Drivers/STM32F4xx_HAL_Driver/Src/stm32f4xx_hal.o
 .debug_frame   0x0000000000000ea4      0x498 ./Drivers/STM32F4xx_HAL_Driver/Src/stm32f4xx_hal_cortex.o
 .debug_frame   0x000000000000133c      0x120 ./Drivers/STM32F4xx_HAL_Driver/Src/stm32f4xx_hal_crc.o
 .debug_frame   0x000000000000145c      0x14c ./Drivers/STM32F4xx_HAL_Driver/Src/stm32f4xx_hal_gpio.o
 .debug_frame   0x00000000000015a8      0x1f4 ./Drivers/STM32F4xx_HAL_Driver/Src/stm32f4xx_hal_rcc.o
 .debug_frame   0x000000000000179c      0x824 ./Drivers/STM32F4xx_HAL_Driver/Src/stm32f4xx_hal_spi.o
 .debug_frame   0x0000000000001fc0     0x11bc ./Drivers/STM32F4xx_HAL_Driver/Src/stm32f4xx_hal_tim.o
 .debug_frame   0x000000000000317c      0x638 ./Drivers/STM32F4xx_HAL_Driver/Src/stm32f4xx_hal_tim_ex.o
 .debug_frame   0x00000000000037b4       0x2c c:/st/stm32cubeide_1.11.0/stm32cubeide/plugins/com.st.stm32cube.ide.mcu.externaltools.gnu-tools-for-stm32.10.3-2021.10.win32_1.0.100.202210260954/tools/bin/../lib/gcc/arm-none-eabi/10.3.1/../../../../arm-none-eabi/lib/thumb/v7e-m/nofp\libc_nano.a(lib_a-init.o)
 .debug_frame   0x00000000000037e0       0x20 c:/st/stm32cubeide_1.11.0/stm32cubeide/plugins/com.st.stm32cube.ide.mcu.externaltools.gnu-tools-for-stm32.10.3-2021.10.win32_1.0.100.202210260954/tools/bin/../lib/gcc/arm-none-eabi/10.3.1/../../../../arm-none-eabi/lib/thumb/v7e-m/nofp\libc_nano.a(lib_a-memset.o)
 .debug_frame   0x0000000000003800       0x2c c:/st/stm32cubeide_1.11.0/stm32cubeide/plugins/com.st.stm32cube.ide.mcu.externaltools.gnu-tools-for-stm32.10.3-2021.10.win32_1.0.100.202210260954/tools/bin/../lib/gcc/arm-none-eabi/10.3.1/thumb/v7e-m/nofp\libgcc.a(_aeabi_uldivmod.o)
 .debug_frame   0x000000000000382c       0x34 c:/st/stm32cubeide_1.11.0/stm32cubeide/plugins/com.st.stm32cube.ide.mcu.externaltools.gnu-tools-for-stm32.10.3-2021.10.win32_1.0.100.202210260954/tools/bin/../lib/gcc/arm-none-eabi/10.3.1/thumb/v7e-m/nofp\libgcc.a(_udivmoddi4.o)
