11:24:18 **** Incremental Build of configuration Debug for project Device_A ****
make -j4 all 
arm-none-eabi-gcc "../Core/Src/main.c" -mcpu=cortex-m4 -std=gnu11 -g3 -DDEBUG -DUSE_HAL_DRIVER -DSTM32F411xE -c -I../Core/Inc -I../Drivers/STM32F4xx_HAL_Driver/Inc -I../Drivers/STM32F4xx_HAL_Driver/Inc/Legacy -I../Drivers/CMSIS/Device/ST/STM32F4xx/Include -I../Drivers/CMSIS/Include -I"C:/Users/Igor/Desktop/STM32CubeExpansion_Crypto_V3.1.0/Fw_Crypto/STM32F4/Middlewares/ST/STM32_Cryptographic/Inc" -O0 -ffunction-sections -fdata-sections -Wall -fstack-usage -MMD -MP -MF"Core/Src/main.d" -MT"Core/Src/main.o" --specs=nano.specs -mfloat-abi=soft -mthumb -o "Core/Src/main.o"
arm-none-eabi-gcc "../Core/Src/nRF24.c" -mcpu=cortex-m4 -std=gnu11 -g3 -DDEBUG -DUSE_HAL_DRIVER -DSTM32F411xE -c -I../Core/Inc -I../Drivers/STM32F4xx_HAL_Driver/Inc -I../Drivers/STM32F4xx_HAL_Driver/Inc/Legacy -I../Drivers/CMSIS/Device/ST/STM32F4xx/Include -I../Drivers/CMSIS/Include -I"C:/Users/Igor/Desktop/STM32CubeExpansion_Crypto_V3.1.0/Fw_Crypto/STM32F4/Middlewares/ST/STM32_Cryptographic/Inc" -O0 -ffunction-sections -fdata-sections -Wall -fstack-usage -MMD -MP -MF"Core/Src/nRF24.d" -MT"Core/Src/nRF24.o" --specs=nano.specs -mfloat-abi=soft -mthumb -o "Core/Src/nRF24.o"
arm-none-eabi-gcc "../Core/Src/ring_buffer.c" -mcpu=cortex-m4 -std=gnu11 -g3 -DDEBUG -DUSE_HAL_DRIVER -DSTM32F411xE -c -I../Core/Inc -I../Drivers/STM32F4xx_HAL_Driver/Inc -I../Drivers/STM32F4xx_HAL_Driver/Inc/Legacy -I../Drivers/CMSIS/Device/ST/STM32F4xx/Include -I../Drivers/CMSIS/Include -I"C:/Users/Igor/Desktop/STM32CubeExpansion_Crypto_V3.1.0/Fw_Crypto/STM32F4/Middlewares/ST/STM32_Cryptographic/Inc" -O0 -ffunction-sections -fdata-sections -Wall -fstack-usage -MMD -MP -MF"Core/Src/ring_buffer.d" -MT"Core/Src/ring_buffer.o" --specs=nano.specs -mfloat-abi=soft -mthumb -o "Core/Src/ring_buffer.o"
arm-none-eabi-gcc "../Core/Src/rsa_driver.c" -mcpu=cortex-m4 -std=gnu11 -g3 -DDEBUG -DUSE_HAL_DRIVER -DSTM32F411xE -c -I../Core/Inc -I../Drivers/STM32F4xx_HAL_Driver/Inc -I../Drivers/STM32F4xx_HAL_Driver/Inc/Legacy -I../Drivers/CMSIS/Device/ST/STM32F4xx/Include -I../Drivers/CMSIS/Include -I"C:/Users/Igor/Desktop/STM32CubeExpansion_Crypto_V3.1.0/Fw_Crypto/STM32F4/Middlewares/ST/STM32_Cryptographic/Inc" -O0 -ffunction-sections -fdata-sections -Wall -fstack-usage -MMD -MP -MF"Core/Src/rsa_driver.d" -MT"Core/Src/rsa_driver.o" --specs=nano.specs -mfloat-abi=soft -mthumb -o "Core/Src/rsa_driver.o"
../Core/Src/main.c: In function 'main':
../Core/Src/main.c:114:25: warning: pointer targets in passing argument 2 of 'nRF24_SetRXAddress' differ in signedness [-Wpointer-sign]
  114 |   nRF24_SetRXAddress(0, "Odb");
      |                         ^~~~~
      |                         |
      |                         char *
In file included from ../Core/Src/main.c:26:
../Core/Inc/nRF24.h:36:48: note: expected 'uint8_t *' {aka 'unsigned char *'} but argument is of type 'char *'
   36 | void nRF24_SetRXAddress(uint8_t pipe, uint8_t* address); // Remember to define RX address before TX
      |                                       ~~~~~~~~~^~~~~~~
../Core/Src/main.c:115:27: warning: pointer targets in passing argument 1 of 'nRF24_SetTXAddress' differ in signedness [-Wpointer-sign]
  115 |        nRF24_SetTXAddress("Nad");
      |                           ^~~~~
      |                           |
      |                           char *
In file included from ../Core/Src/main.c:26:
../Core/Inc/nRF24.h:37:34: note: expected 'uint8_t *' {aka 'unsigned char *'} but argument is of type 'char *'
   37 | void nRF24_SetTXAddress(uint8_t* address);
      |                         ~~~~~~~~~^~~~~~~
../Core/Src/rsa_driver.c: In function 'RSA_Driver_init':
../Core/Src/rsa_driver.c:69:28: warning: implicit declaration of function 'get_rsa_key_set' [-Wimplicit-function-declaration]
   69 |  const uint8_t* key_data = get_rsa_key_set(key_number);
      |                            ^~~~~~~~~~~~~~~
../Core/Src/rsa_driver.c:69:28: warning: initialization of 'const uint8_t *' {aka 'const unsigned char *'} from 'int' makes pointer from integer without a cast [-Wint-conversion]
arm-none-eabi-gcc "../Core/Src/stm32f4xx_hal_msp.c" -mcpu=cortex-m4 -std=gnu11 -g3 -DDEBUG -DUSE_HAL_DRIVER -DSTM32F411xE -c -I../Core/Inc -I../Drivers/STM32F4xx_HAL_Driver/Inc -I../Drivers/STM32F4xx_HAL_Driver/Inc/Legacy -I../Drivers/CMSIS/Device/ST/STM32F4xx/Include -I../Drivers/CMSIS/Include -I"C:/Users/Igor/Desktop/STM32CubeExpansion_Crypto_V3.1.0/Fw_Crypto/STM32F4/Middlewares/ST/STM32_Cryptographic/Inc" -O0 -ffunction-sections -fdata-sections -Wall -fstack-usage -MMD -MP -MF"Core/Src/stm32f4xx_hal_msp.d" -MT"Core/Src/stm32f4xx_hal_msp.o" --specs=nano.specs -mfloat-abi=soft -mthumb -o "Core/Src/stm32f4xx_hal_msp.o"
arm-none-eabi-gcc "../Core/Src/stm32f4xx_it.c" -mcpu=cortex-m4 -std=gnu11 -g3 -DDEBUG -DUSE_HAL_DRIVER -DSTM32F411xE -c -I../Core/Inc -I../Drivers/STM32F4xx_HAL_Driver/Inc -I../Drivers/STM32F4xx_HAL_Driver/Inc/Legacy -I../Drivers/CMSIS/Device/ST/STM32F4xx/Include -I../Drivers/CMSIS/Include -I"C:/Users/Igor/Desktop/STM32CubeExpansion_Crypto_V3.1.0/Fw_Crypto/STM32F4/Middlewares/ST/STM32_Cryptographic/Inc" -O0 -ffunction-sections -fdata-sections -Wall -fstack-usage -MMD -MP -MF"Core/Src/stm32f4xx_it.d" -MT"Core/Src/stm32f4xx_it.o" --specs=nano.specs -mfloat-abi=soft -mthumb -o "Core/Src/stm32f4xx_it.o"
arm-none-eabi-gcc -o "Device_A.elf" @"objects.list"  -lSTM32CryptographicV3.0.0_CM4_GCC_ot -mcpu=cortex-m4 -T"C:\Users\Igor\Desktop\Green_wave_deviceA\Device_A\STM32F411RETX_FLASH.ld" --specs=nosys.specs -Wl,-Map="Device_A.map" -Wl,--gc-sections -static -L"C:\Users\Igor\Desktop\STM32CubeExpansion_Crypto_V3.1.0\Fw_Crypto\STM32F4\Middlewares\ST\STM32_Cryptographic\Lib" --specs=nano.specs -mfloat-abi=soft -mthumb -Wl,--start-group -lc -lm -Wl,--end-group
Finished building target: Device_A.elf
 
arm-none-eabi-size   Device_A.elf 
arm-none-eabi-objdump -h -S  Device_A.elf  > "Device_A.list"
   text	   data	    bss	    dec	    hex	filename
  18128	     24	   2928	  21080	   5258	Device_A.elf
Finished building: default.size.stdout
 
Finished building: Device_A.list
 
11:24:34 **** Incremental Build of configuration Debug for project Device_A ****
make -j4 all 
arm-none-eabi-size   Device_A.elf 
   text	   data	    bss	    dec	    hex	filename
  18128	     24	   2928	  21080	   5258	Device_A.elf
Finished building: default.size.stdout
 
