10:19:31 **** Incremental Build of configuration Debug for project Device_A ****
make -j4 all 
arm-none-eabi-gcc "../Core/Src/main.c" -mcpu=cortex-m4 -std=gnu11 -g3 -DDEBUG -DUSE_HAL_DRIVER -DSTM32F411xE -c -I../Core/Inc -I../Drivers/STM32F4xx_HAL_Driver/Inc -I../Drivers/STM32F4xx_HAL_Driver/Inc/Legacy -I../Drivers/CMSIS/Device/ST/STM32F4xx/Include -I../Drivers/CMSIS/Include -I"C:/Users/Igor/Desktop/STM32CubeExpansion_Crypto_V3.1.0/Fw_Crypto/STM32F4/Middlewares/ST/STM32_Cryptographic/Inc" -O0 -ffunction-sections -fdata-sections -Wall -fstack-usage -MMD -MP -MF"Core/Src/main.d" -MT"Core/Src/main.o" --specs=nano.specs -mfloat-abi=soft -mthumb -o "Core/Src/main.o"
arm-none-eabi-gcc "../Core/Src/nRF24.c" -mcpu=cortex-m4 -std=gnu11 -g3 -DDEBUG -DUSE_HAL_DRIVER -DSTM32F411xE -c -I../Core/Inc -I../Drivers/STM32F4xx_HAL_Driver/Inc -I../Drivers/STM32F4xx_HAL_Driver/Inc/Legacy -I../Drivers/CMSIS/Device/ST/STM32F4xx/Include -I../Drivers/CMSIS/Include -I"C:/Users/Igor/Desktop/STM32CubeExpansion_Crypto_V3.1.0/Fw_Crypto/STM32F4/Middlewares/ST/STM32_Cryptographic/Inc" -O0 -ffunction-sections -fdata-sections -Wall -fstack-usage -MMD -MP -MF"Core/Src/nRF24.d" -MT"Core/Src/nRF24.o" --specs=nano.specs -mfloat-abi=soft -mthumb -o "Core/Src/nRF24.o"
arm-none-eabi-gcc "../Core/Src/random_message.c" -mcpu=cortex-m4 -std=gnu11 -g3 -DDEBUG -DUSE_HAL_DRIVER -DSTM32F411xE -c -I../Core/Inc -I../Drivers/STM32F4xx_HAL_Driver/Inc -I../Drivers/STM32F4xx_HAL_Driver/Inc/Legacy -I../Drivers/CMSIS/Device/ST/STM32F4xx/Include -I../Drivers/CMSIS/Include -I"C:/Users/Igor/Desktop/STM32CubeExpansion_Crypto_V3.1.0/Fw_Crypto/STM32F4/Middlewares/ST/STM32_Cryptographic/Inc" -O0 -ffunction-sections -fdata-sections -Wall -fstack-usage -MMD -MP -MF"Core/Src/random_message.d" -MT"Core/Src/random_message.o" --specs=nano.specs -mfloat-abi=soft -mthumb -o "Core/Src/random_message.o"
arm-none-eabi-gcc "../Core/Src/ring_buffer.c" -mcpu=cortex-m4 -std=gnu11 -g3 -DDEBUG -DUSE_HAL_DRIVER -DSTM32F411xE -c -I../Core/Inc -I../Drivers/STM32F4xx_HAL_Driver/Inc -I../Drivers/STM32F4xx_HAL_Driver/Inc/Legacy -I../Drivers/CMSIS/Device/ST/STM32F4xx/Include -I../Drivers/CMSIS/Include -I"C:/Users/Igor/Desktop/STM32CubeExpansion_Crypto_V3.1.0/Fw_Crypto/STM32F4/Middlewares/ST/STM32_Cryptographic/Inc" -O0 -ffunction-sections -fdata-sections -Wall -fstack-usage -MMD -MP -MF"Core/Src/ring_buffer.d" -MT"Core/Src/ring_buffer.o" --specs=nano.specs -mfloat-abi=soft -mthumb -o "Core/Src/ring_buffer.o"
arm-none-eabi-gcc "../Core/Src/rsa_driver.c" -mcpu=cortex-m4 -std=gnu11 -g3 -DDEBUG -DUSE_HAL_DRIVER -DSTM32F411xE -c -I../Core/Inc -I../Drivers/STM32F4xx_HAL_Driver/Inc -I../Drivers/STM32F4xx_HAL_Driver/Inc/Legacy -I../Drivers/CMSIS/Device/ST/STM32F4xx/Include -I../Drivers/CMSIS/Include -I"C:/Users/Igor/Desktop/STM32CubeExpansion_Crypto_V3.1.0/Fw_Crypto/STM32F4/Middlewares/ST/STM32_Cryptographic/Inc" -O0 -ffunction-sections -fdata-sections -Wall -fstack-usage -MMD -MP -MF"Core/Src/rsa_driver.d" -MT"Core/Src/rsa_driver.o" --specs=nano.specs -mfloat-abi=soft -mthumb -o "Core/Src/rsa_driver.o"
arm-none-eabi-gcc "../Core/Src/stm32f4xx_hal_msp.c" -mcpu=cortex-m4 -std=gnu11 -g3 -DDEBUG -DUSE_HAL_DRIVER -DSTM32F411xE -c -I../Core/Inc -I../Drivers/STM32F4xx_HAL_Driver/Inc -I../Drivers/STM32F4xx_HAL_Driver/Inc/Legacy -I../Drivers/CMSIS/Device/ST/STM32F4xx/Include -I../Drivers/CMSIS/Include -I"C:/Users/Igor/Desktop/STM32CubeExpansion_Crypto_V3.1.0/Fw_Crypto/STM32F4/Middlewares/ST/STM32_Cryptographic/Inc" -O0 -ffunction-sections -fdata-sections -Wall -fstack-usage -MMD -MP -MF"Core/Src/stm32f4xx_hal_msp.d" -MT"Core/Src/stm32f4xx_hal_msp.o" --specs=nano.specs -mfloat-abi=soft -mthumb -o "Core/Src/stm32f4xx_hal_msp.o"
arm-none-eabi-gcc "../Core/Src/stm32f4xx_it.c" -mcpu=cortex-m4 -std=gnu11 -g3 -DDEBUG -DUSE_HAL_DRIVER -DSTM32F411xE -c -I../Core/Inc -I../Drivers/STM32F4xx_HAL_Driver/Inc -I../Drivers/STM32F4xx_HAL_Driver/Inc/Legacy -I../Drivers/CMSIS/Device/ST/STM32F4xx/Include -I../Drivers/CMSIS/Include -I"C:/Users/Igor/Desktop/STM32CubeExpansion_Crypto_V3.1.0/Fw_Crypto/STM32F4/Middlewares/ST/STM32_Cryptographic/Inc" -O0 -ffunction-sections -fdata-sections -Wall -fstack-usage -MMD -MP -MF"Core/Src/stm32f4xx_it.d" -MT"Core/Src/stm32f4xx_it.o" --specs=nano.specs -mfloat-abi=soft -mthumb -o "Core/Src/stm32f4xx_it.o"
arm-none-eabi-gcc -o "Device_A.elf" @"objects.list"  -lSTM32CryptographicV3.0.0_CM4_GCC_ot -mcpu=cortex-m4 -T"C:\Users\Igor\Desktop\Green_wave_deviceA\Device_A\STM32F411RETX_FLASH.ld" --specs=nosys.specs -Wl,-Map="Device_A.map" -Wl,--gc-sections -static -L"C:\Users\Igor\Desktop\STM32CubeExpansion_Crypto_V3.1.0\Fw_Crypto\STM32F4\Middlewares\ST\STM32_Cryptographic\Lib" --specs=nano.specs -mfloat-abi=soft -mthumb -Wl,--start-group -lc -lm -Wl,--end-group
Finished building target: Device_A.elf
 
arm-none-eabi-size   Device_A.elf 
arm-none-eabi-objdump -h -S  Device_A.elf  > "Device_A.list"
   text	   data	    bss	    dec	    hex	filename
  34424	     60	   8356	  42840	   a758	Device_A.elf
Finished building: default.size.stdout
 
Finished building: Device_A.list
 
10:19:37 **** Incremental Build of configuration Debug for project Device_A ****
make -j4 all 
arm-none-eabi-size   Device_A.elf 
   text	   data	    bss	    dec	    hex	filename
  34424	     60	   8356	  42840	   a758	Device_A.elf
Finished building: default.size.stdout
 
10:29:13 **** Incremental Build of configuration Debug for project Device_A ****
make -j4 all 
arm-none-eabi-gcc "../Core/Src/main.c" -mcpu=cortex-m4 -std=gnu11 -g3 -DDEBUG -DUSE_HAL_DRIVER -DSTM32F411xE -c -I../Core/Inc -I../Drivers/STM32F4xx_HAL_Driver/Inc -I../Drivers/STM32F4xx_HAL_Driver/Inc/Legacy -I../Drivers/CMSIS/Device/ST/STM32F4xx/Include -I../Drivers/CMSIS/Include -I"C:/Users/Igor/Desktop/STM32CubeExpansion_Crypto_V3.1.0/Fw_Crypto/STM32F4/Middlewares/ST/STM32_Cryptographic/Inc" -O0 -ffunction-sections -fdata-sections -Wall -fstack-usage -MMD -MP -MF"Core/Src/main.d" -MT"Core/Src/main.o" --specs=nano.specs -mfloat-abi=soft -mthumb -o "Core/Src/main.o"
arm-none-eabi-gcc -o "Device_A.elf" @"objects.list"  -lSTM32CryptographicV3.0.0_CM4_GCC_ot -mcpu=cortex-m4 -T"C:\Users\Igor\Desktop\Green_wave_deviceA\Device_A\STM32F411RETX_FLASH.ld" --specs=nosys.specs -Wl,-Map="Device_A.map" -Wl,--gc-sections -static -L"C:\Users\Igor\Desktop\STM32CubeExpansion_Crypto_V3.1.0\Fw_Crypto\STM32F4\Middlewares\ST\STM32_Cryptographic\Lib" --specs=nano.specs -mfloat-abi=soft -mthumb -Wl,--start-group -lc -lm -Wl,--end-group
Finished building target: Device_A.elf
 
arm-none-eabi-size   Device_A.elf 
arm-none-eabi-objdump -h -S  Device_A.elf  > "Device_A.list"
   text	   data	    bss	    dec	    hex	filename
  34464	     60	   8356	  42880	   a780	Device_A.elf
Finished building: default.size.stdout
 
Finished building: Device_A.list
 
10:30:44 **** Incremental Build of configuration Debug for project Device_A ****
make -j4 all 
arm-none-eabi-gcc "../Core/Src/main.c" -mcpu=cortex-m4 -std=gnu11 -g3 -DDEBUG -DUSE_HAL_DRIVER -DSTM32F411xE -c -I../Core/Inc -I../Drivers/STM32F4xx_HAL_Driver/Inc -I../Drivers/STM32F4xx_HAL_Driver/Inc/Legacy -I../Drivers/CMSIS/Device/ST/STM32F4xx/Include -I../Drivers/CMSIS/Include -I"C:/Users/Igor/Desktop/STM32CubeExpansion_Crypto_V3.1.0/Fw_Crypto/STM32F4/Middlewares/ST/STM32_Cryptographic/Inc" -O0 -ffunction-sections -fdata-sections -Wall -fstack-usage -MMD -MP -MF"Core/Src/main.d" -MT"Core/Src/main.o" --specs=nano.specs -mfloat-abi=soft -mthumb -o "Core/Src/main.o"
arm-none-eabi-gcc -o "Device_A.elf" @"objects.list"  -lSTM32CryptographicV3.0.0_CM4_GCC_ot -mcpu=cortex-m4 -T"C:\Users\Igor\Desktop\Green_wave_deviceA\Device_A\STM32F411RETX_FLASH.ld" --specs=nosys.specs -Wl,-Map="Device_A.map" -Wl,--gc-sections -static -L"C:\Users\Igor\Desktop\STM32CubeExpansion_Crypto_V3.1.0\Fw_Crypto\STM32F4\Middlewares\ST\STM32_Cryptographic\Lib" --specs=nano.specs -mfloat-abi=soft -mthumb -Wl,--start-group -lc -lm -Wl,--end-group
Finished building target: Device_A.elf
 
arm-none-eabi-size   Device_A.elf 
arm-none-eabi-objdump -h -S  Device_A.elf  > "Device_A.list"
   text	   data	    bss	    dec	    hex	filename
  34476	     60	   8356	  42892	   a78c	Device_A.elf
Finished building: default.size.stdout
 
Finished building: Device_A.list
 
10:36:23 **** Incremental Build of configuration Debug for project Device_A ****
make -j4 all 
arm-none-eabi-gcc "../Core/Src/main.c" -mcpu=cortex-m4 -std=gnu11 -g3 -DDEBUG -DUSE_HAL_DRIVER -DSTM32F411xE -c -I../Core/Inc -I../Drivers/STM32F4xx_HAL_Driver/Inc -I../Drivers/STM32F4xx_HAL_Driver/Inc/Legacy -I../Drivers/CMSIS/Device/ST/STM32F4xx/Include -I../Drivers/CMSIS/Include -I"C:/Users/Igor/Desktop/STM32CubeExpansion_Crypto_V3.1.0/Fw_Crypto/STM32F4/Middlewares/ST/STM32_Cryptographic/Inc" -O0 -ffunction-sections -fdata-sections -Wall -fstack-usage -MMD -MP -MF"Core/Src/main.d" -MT"Core/Src/main.o" --specs=nano.specs -mfloat-abi=soft -mthumb -o "Core/Src/main.o"
arm-none-eabi-gcc -o "Device_A.elf" @"objects.list"  -lSTM32CryptographicV3.0.0_CM4_GCC_ot -mcpu=cortex-m4 -T"C:\Users\Igor\Desktop\Green_wave_deviceA\Device_A\STM32F411RETX_FLASH.ld" --specs=nosys.specs -Wl,-Map="Device_A.map" -Wl,--gc-sections -static -L"C:\Users\Igor\Desktop\STM32CubeExpansion_Crypto_V3.1.0\Fw_Crypto\STM32F4\Middlewares\ST\STM32_Cryptographic\Lib" --specs=nano.specs -mfloat-abi=soft -mthumb -Wl,--start-group -lc -lm -Wl,--end-group
Finished building target: Device_A.elf
 
arm-none-eabi-size   Device_A.elf 
arm-none-eabi-objdump -h -S  Device_A.elf  > "Device_A.list"
   text	   data	    bss	    dec	    hex	filename
  34476	     60	   8356	  42892	   a78c	Device_A.elf
Finished building: default.size.stdout
 
Finished building: Device_A.list
 
10:40:33 **** Incremental Build of configuration Debug for project Device_A ****
make -j4 all 
arm-none-eabi-gcc "../Core/Src/main.c" -mcpu=cortex-m4 -std=gnu11 -g3 -DDEBUG -DUSE_HAL_DRIVER -DSTM32F411xE -c -I../Core/Inc -I../Drivers/STM32F4xx_HAL_Driver/Inc -I../Drivers/STM32F4xx_HAL_Driver/Inc/Legacy -I../Drivers/CMSIS/Device/ST/STM32F4xx/Include -I../Drivers/CMSIS/Include -I"C:/Users/Igor/Desktop/STM32CubeExpansion_Crypto_V3.1.0/Fw_Crypto/STM32F4/Middlewares/ST/STM32_Cryptographic/Inc" -O0 -ffunction-sections -fdata-sections -Wall -fstack-usage -MMD -MP -MF"Core/Src/main.d" -MT"Core/Src/main.o" --specs=nano.specs -mfloat-abi=soft -mthumb -o "Core/Src/main.o"
arm-none-eabi-gcc -o "Device_A.elf" @"objects.list"  -lSTM32CryptographicV3.0.0_CM4_GCC_ot -mcpu=cortex-m4 -T"C:\Users\Igor\Desktop\Green_wave_deviceA\Device_A\STM32F411RETX_FLASH.ld" --specs=nosys.specs -Wl,-Map="Device_A.map" -Wl,--gc-sections -static -L"C:\Users\Igor\Desktop\STM32CubeExpansion_Crypto_V3.1.0\Fw_Crypto\STM32F4\Middlewares\ST\STM32_Cryptographic\Lib" --specs=nano.specs -mfloat-abi=soft -mthumb -Wl,--start-group -lc -lm -Wl,--end-group
Finished building target: Device_A.elf
 
arm-none-eabi-size   Device_A.elf 
arm-none-eabi-objdump -h -S  Device_A.elf  > "Device_A.list"
   text	   data	    bss	    dec	    hex	filename
  34492	     60	   8356	  42908	   a79c	Device_A.elf
Finished building: default.size.stdout
 
Finished building: Device_A.list
 
10:41:46 **** Incremental Build of configuration Debug for project Device_A ****
make -j4 all 
arm-none-eabi-gcc "../Core/Src/main.c" -mcpu=cortex-m4 -std=gnu11 -g3 -DDEBUG -DUSE_HAL_DRIVER -DSTM32F411xE -c -I../Core/Inc -I../Drivers/STM32F4xx_HAL_Driver/Inc -I../Drivers/STM32F4xx_HAL_Driver/Inc/Legacy -I../Drivers/CMSIS/Device/ST/STM32F4xx/Include -I../Drivers/CMSIS/Include -I"C:/Users/Igor/Desktop/STM32CubeExpansion_Crypto_V3.1.0/Fw_Crypto/STM32F4/Middlewares/ST/STM32_Cryptographic/Inc" -O0 -ffunction-sections -fdata-sections -Wall -fstack-usage -MMD -MP -MF"Core/Src/main.d" -MT"Core/Src/main.o" --specs=nano.specs -mfloat-abi=soft -mthumb -o "Core/Src/main.o"
arm-none-eabi-gcc -o "Device_A.elf" @"objects.list"  -lSTM32CryptographicV3.0.0_CM4_GCC_ot -mcpu=cortex-m4 -T"C:\Users\Igor\Desktop\Green_wave_deviceA\Device_A\STM32F411RETX_FLASH.ld" --specs=nosys.specs -Wl,-Map="Device_A.map" -Wl,--gc-sections -static -L"C:\Users\Igor\Desktop\STM32CubeExpansion_Crypto_V3.1.0\Fw_Crypto\STM32F4\Middlewares\ST\STM32_Cryptographic\Lib" --specs=nano.specs -mfloat-abi=soft -mthumb -Wl,--start-group -lc -lm -Wl,--end-group
Finished building target: Device_A.elf
 
arm-none-eabi-size   Device_A.elf 
arm-none-eabi-objdump -h -S  Device_A.elf  > "Device_A.list"
   text	   data	    bss	    dec	    hex	filename
  34492	     60	   8356	  42908	   a79c	Device_A.elf
Finished building: default.size.stdout
 
Finished building: Device_A.list
 
10:45:08 **** Incremental Build of configuration Debug for project Device_A ****
make -j4 all 
arm-none-eabi-gcc "../Core/Src/main.c" -mcpu=cortex-m4 -std=gnu11 -g3 -DDEBUG -DUSE_HAL_DRIVER -DSTM32F411xE -c -I../Core/Inc -I../Drivers/STM32F4xx_HAL_Driver/Inc -I../Drivers/STM32F4xx_HAL_Driver/Inc/Legacy -I../Drivers/CMSIS/Device/ST/STM32F4xx/Include -I../Drivers/CMSIS/Include -I"C:/Users/Igor/Desktop/STM32CubeExpansion_Crypto_V3.1.0/Fw_Crypto/STM32F4/Middlewares/ST/STM32_Cryptographic/Inc" -O0 -ffunction-sections -fdata-sections -Wall -fstack-usage -MMD -MP -MF"Core/Src/main.d" -MT"Core/Src/main.o" --specs=nano.specs -mfloat-abi=soft -mthumb -o "Core/Src/main.o"
arm-none-eabi-gcc -o "Device_A.elf" @"objects.list"  -lSTM32CryptographicV3.0.0_CM4_GCC_ot -mcpu=cortex-m4 -T"C:\Users\Igor\Desktop\Green_wave_deviceA\Device_A\STM32F411RETX_FLASH.ld" --specs=nosys.specs -Wl,-Map="Device_A.map" -Wl,--gc-sections -static -L"C:\Users\Igor\Desktop\STM32CubeExpansion_Crypto_V3.1.0\Fw_Crypto\STM32F4\Middlewares\ST\STM32_Cryptographic\Lib" --specs=nano.specs -mfloat-abi=soft -mthumb -Wl,--start-group -lc -lm -Wl,--end-group
Finished building target: Device_A.elf
 
arm-none-eabi-size   Device_A.elf 
arm-none-eabi-objdump -h -S  Device_A.elf  > "Device_A.list"
   text	   data	    bss	    dec	    hex	filename
  34516	     60	   8364	  42940	   a7bc	Device_A.elf
Finished building: default.size.stdout
 
Finished building: Device_A.list
 
10:53:20 **** Incremental Build of configuration Debug for project Device_A ****
make -j4 all 
arm-none-eabi-gcc "../Core/Src/main.c" -mcpu=cortex-m4 -std=gnu11 -g3 -DDEBUG -DUSE_HAL_DRIVER -DSTM32F411xE -c -I../Core/Inc -I../Drivers/STM32F4xx_HAL_Driver/Inc -I../Drivers/STM32F4xx_HAL_Driver/Inc/Legacy -I../Drivers/CMSIS/Device/ST/STM32F4xx/Include -I../Drivers/CMSIS/Include -I"C:/Users/Igor/Desktop/STM32CubeExpansion_Crypto_V3.1.0/Fw_Crypto/STM32F4/Middlewares/ST/STM32_Cryptographic/Inc" -O0 -ffunction-sections -fdata-sections -Wall -fstack-usage -MMD -MP -MF"Core/Src/main.d" -MT"Core/Src/main.o" --specs=nano.specs -mfloat-abi=soft -mthumb -o "Core/Src/main.o"
arm-none-eabi-gcc -o "Device_A.elf" @"objects.list"  -lSTM32CryptographicV3.0.0_CM4_GCC_ot -mcpu=cortex-m4 -T"C:\Users\Igor\Desktop\Green_wave_deviceA\Device_A\STM32F411RETX_FLASH.ld" --specs=nosys.specs -Wl,-Map="Device_A.map" -Wl,--gc-sections -static -L"C:\Users\Igor\Desktop\STM32CubeExpansion_Crypto_V3.1.0\Fw_Crypto\STM32F4\Middlewares\ST\STM32_Cryptographic\Lib" --specs=nano.specs -mfloat-abi=soft -mthumb -Wl,--start-group -lc -lm -Wl,--end-group
Finished building target: Device_A.elf
 
arm-none-eabi-size   Device_A.elf 
arm-none-eabi-objdump -h -S  Device_A.elf  > "Device_A.list"
   text	   data	    bss	    dec	    hex	filename
  34564	     60	   8364	  42988	   a7ec	Device_A.elf
Finished building: default.size.stdout
 
Finished building: Device_A.list
 
10:55:01 **** Incremental Build of configuration Debug for project Device_A ****
make -j4 all 
arm-none-eabi-gcc "../Core/Src/main.c" -mcpu=cortex-m4 -std=gnu11 -g3 -DDEBUG -DUSE_HAL_DRIVER -DSTM32F411xE -c -I../Core/Inc -I../Drivers/STM32F4xx_HAL_Driver/Inc -I../Drivers/STM32F4xx_HAL_Driver/Inc/Legacy -I../Drivers/CMSIS/Device/ST/STM32F4xx/Include -I../Drivers/CMSIS/Include -I"C:/Users/Igor/Desktop/STM32CubeExpansion_Crypto_V3.1.0/Fw_Crypto/STM32F4/Middlewares/ST/STM32_Cryptographic/Inc" -O0 -ffunction-sections -fdata-sections -Wall -fstack-usage -MMD -MP -MF"Core/Src/main.d" -MT"Core/Src/main.o" --specs=nano.specs -mfloat-abi=soft -mthumb -o "Core/Src/main.o"
arm-none-eabi-gcc -o "Device_A.elf" @"objects.list"  -lSTM32CryptographicV3.0.0_CM4_GCC_ot -mcpu=cortex-m4 -T"C:\Users\Igor\Desktop\Green_wave_deviceA\Device_A\STM32F411RETX_FLASH.ld" --specs=nosys.specs -Wl,-Map="Device_A.map" -Wl,--gc-sections -static -L"C:\Users\Igor\Desktop\STM32CubeExpansion_Crypto_V3.1.0\Fw_Crypto\STM32F4\Middlewares\ST\STM32_Cryptographic\Lib" --specs=nano.specs -mfloat-abi=soft -mthumb -Wl,--start-group -lc -lm -Wl,--end-group
Finished building target: Device_A.elf
 
arm-none-eabi-size   Device_A.elf 
arm-none-eabi-objdump -h -S  Device_A.elf  > "Device_A.list"
   text	   data	    bss	    dec	    hex	filename
  34564	     60	   8364	  42988	   a7ec	Device_A.elf
Finished building: default.size.stdout
 
Finished building: Device_A.list
 
10:58:55 **** Incremental Build of configuration Debug for project Device_A ****
make -j4 all 
arm-none-eabi-gcc "../Core/Src/main.c" -mcpu=cortex-m4 -std=gnu11 -g3 -DDEBUG -DUSE_HAL_DRIVER -DSTM32F411xE -c -I../Core/Inc -I../Drivers/STM32F4xx_HAL_Driver/Inc -I../Drivers/STM32F4xx_HAL_Driver/Inc/Legacy -I../Drivers/CMSIS/Device/ST/STM32F4xx/Include -I../Drivers/CMSIS/Include -I"C:/Users/Igor/Desktop/STM32CubeExpansion_Crypto_V3.1.0/Fw_Crypto/STM32F4/Middlewares/ST/STM32_Cryptographic/Inc" -O0 -ffunction-sections -fdata-sections -Wall -fstack-usage -MMD -MP -MF"Core/Src/main.d" -MT"Core/Src/main.o" --specs=nano.specs -mfloat-abi=soft -mthumb -o "Core/Src/main.o"
arm-none-eabi-gcc -o "Device_A.elf" @"objects.list"  -lSTM32CryptographicV3.0.0_CM4_GCC_ot -mcpu=cortex-m4 -T"C:\Users\Igor\Desktop\Green_wave_deviceA\Device_A\STM32F411RETX_FLASH.ld" --specs=nosys.specs -Wl,-Map="Device_A.map" -Wl,--gc-sections -static -L"C:\Users\Igor\Desktop\STM32CubeExpansion_Crypto_V3.1.0\Fw_Crypto\STM32F4\Middlewares\ST\STM32_Cryptographic\Lib" --specs=nano.specs -mfloat-abi=soft -mthumb -Wl,--start-group -lc -lm -Wl,--end-group
Finished building target: Device_A.elf
 
arm-none-eabi-size   Device_A.elf 
arm-none-eabi-objdump -h -S  Device_A.elf  > "Device_A.list"
   text	   data	    bss	    dec	    hex	filename
  34616	     60	   8372	  43048	   a828	Device_A.elf
Finished building: default.size.stdout
 
Finished building: Device_A.list
 
11:02:13 **** Incremental Build of configuration Debug for project Device_A ****
make -j4 all 
arm-none-eabi-gcc "../Core/Src/main.c" -mcpu=cortex-m4 -std=gnu11 -g3 -DDEBUG -DUSE_HAL_DRIVER -DSTM32F411xE -c -I../Core/Inc -I../Drivers/STM32F4xx_HAL_Driver/Inc -I../Drivers/STM32F4xx_HAL_Driver/Inc/Legacy -I../Drivers/CMSIS/Device/ST/STM32F4xx/Include -I../Drivers/CMSIS/Include -I"C:/Users/Igor/Desktop/STM32CubeExpansion_Crypto_V3.1.0/Fw_Crypto/STM32F4/Middlewares/ST/STM32_Cryptographic/Inc" -O0 -ffunction-sections -fdata-sections -Wall -fstack-usage -MMD -MP -MF"Core/Src/main.d" -MT"Core/Src/main.o" --specs=nano.specs -mfloat-abi=soft -mthumb -o "Core/Src/main.o"
arm-none-eabi-gcc -o "Device_A.elf" @"objects.list"  -lSTM32CryptographicV3.0.0_CM4_GCC_ot -mcpu=cortex-m4 -T"C:\Users\Igor\Desktop\Green_wave_deviceA\Device_A\STM32F411RETX_FLASH.ld" --specs=nosys.specs -Wl,-Map="Device_A.map" -Wl,--gc-sections -static -L"C:\Users\Igor\Desktop\STM32CubeExpansion_Crypto_V3.1.0\Fw_Crypto\STM32F4\Middlewares\ST\STM32_Cryptographic\Lib" --specs=nano.specs -mfloat-abi=soft -mthumb -Wl,--start-group -lc -lm -Wl,--end-group
Finished building target: Device_A.elf
 
arm-none-eabi-size   Device_A.elf 
arm-none-eabi-objdump -h -S  Device_A.elf  > "Device_A.list"
   text	   data	    bss	    dec	    hex	filename
  34564	     60	   8364	  42988	   a7ec	Device_A.elf
Finished building: default.size.stdout
 
Finished building: Device_A.list
 
11:38:29 **** Incremental Build of configuration Debug for project Device_A ****
make -j4 all 
arm-none-eabi-gcc "../Core/Src/main.c" -mcpu=cortex-m4 -std=gnu11 -g3 -DDEBUG -DUSE_HAL_DRIVER -DSTM32F411xE -c -I../Core/Inc -I../Drivers/STM32F4xx_HAL_Driver/Inc -I../Drivers/STM32F4xx_HAL_Driver/Inc/Legacy -I../Drivers/CMSIS/Device/ST/STM32F4xx/Include -I../Drivers/CMSIS/Include -I"C:/Users/Igor/Desktop/STM32CubeExpansion_Crypto_V3.1.0/Fw_Crypto/STM32F4/Middlewares/ST/STM32_Cryptographic/Inc" -O0 -ffunction-sections -fdata-sections -Wall -fstack-usage -MMD -MP -MF"Core/Src/main.d" -MT"Core/Src/main.o" --specs=nano.specs -mfloat-abi=soft -mthumb -o "Core/Src/main.o"
arm-none-eabi-gcc -o "Device_A.elf" @"objects.list"  -lSTM32CryptographicV3.0.0_CM4_GCC_ot -mcpu=cortex-m4 -T"C:\Users\Igor\Desktop\Green_wave_deviceA\Device_A\STM32F411RETX_FLASH.ld" --specs=nosys.specs -Wl,-Map="Device_A.map" -Wl,--gc-sections -static -L"C:\Users\Igor\Desktop\STM32CubeExpansion_Crypto_V3.1.0\Fw_Crypto\STM32F4\Middlewares\ST\STM32_Cryptographic\Lib" --specs=nano.specs -mfloat-abi=soft -mthumb -Wl,--start-group -lc -lm -Wl,--end-group
Finished building target: Device_A.elf
 
arm-none-eabi-size   Device_A.elf 
arm-none-eabi-objdump -h -S  Device_A.elf  > "Device_A.list"
   text	   data	    bss	    dec	    hex	filename
  34520	     60	   8364	  42944	   a7c0	Device_A.elf
Finished building: default.size.stdout
 
Finished building: Device_A.list
 
11:24:40 **** Incremental Build of configuration Debug for project Device_A ****
make -j4 all 
arm-none-eabi-gcc "../Core/Src/main.c" -mcpu=cortex-m4 -std=gnu11 -g3 -DDEBUG -DUSE_HAL_DRIVER -DSTM32F411xE -c -I../Core/Inc -I../Drivers/STM32F4xx_HAL_Driver/Inc -I../Drivers/STM32F4xx_HAL_Driver/Inc/Legacy -I../Drivers/CMSIS/Device/ST/STM32F4xx/Include -I../Drivers/CMSIS/Include -I"C:/Users/Igor/Desktop/STM32CubeExpansion_Crypto_V3.1.0/Fw_Crypto/STM32F4/Middlewares/ST/STM32_Cryptographic/Inc" -O0 -ffunction-sections -fdata-sections -Wall -fstack-usage -MMD -MP -MF"Core/Src/main.d" -MT"Core/Src/main.o" --specs=nano.specs -mfloat-abi=soft -mthumb -o "Core/Src/main.o"
arm-none-eabi-gcc -o "Device_A.elf" @"objects.list"  -lSTM32CryptographicV3.0.0_CM4_GCC_ot -mcpu=cortex-m4 -T"C:\Users\Igor\Desktop\Green_wave_deviceA\Device_A\STM32F411RETX_FLASH.ld" --specs=nosys.specs -Wl,-Map="Device_A.map" -Wl,--gc-sections -static -L"C:\Users\Igor\Desktop\STM32CubeExpansion_Crypto_V3.1.0\Fw_Crypto\STM32F4\Middlewares\ST\STM32_Cryptographic\Lib" --specs=nano.specs -mfloat-abi=soft -mthumb -Wl,--start-group -lc -lm -Wl,--end-group
Finished building target: Device_A.elf
 
arm-none-eabi-size   Device_A.elf 
arm-none-eabi-objdump -h -S  Device_A.elf  > "Device_A.list"
   text	   data	    bss	    dec	    hex	filename
  34480	     60	   8356	  42896	   a790	Device_A.elf
Finished building: default.size.stdout
 
Finished building: Device_A.list
 
13:06:26 **** Incremental Build of configuration Debug for project Device_A ****
make -j4 all 
arm-none-eabi-gcc "../Core/Src/main.c" -mcpu=cortex-m4 -std=gnu11 -g3 -DDEBUG -DUSE_HAL_DRIVER -DSTM32F411xE -c -I../Core/Inc -I../Drivers/STM32F4xx_HAL_Driver/Inc -I../Drivers/STM32F4xx_HAL_Driver/Inc/Legacy -I../Drivers/CMSIS/Device/ST/STM32F4xx/Include -I../Drivers/CMSIS/Include -I"C:/Users/Igor/Desktop/STM32CubeExpansion_Crypto_V3.1.0/Fw_Crypto/STM32F4/Middlewares/ST/STM32_Cryptographic/Inc" -O0 -ffunction-sections -fdata-sections -Wall -fstack-usage -MMD -MP -MF"Core/Src/main.d" -MT"Core/Src/main.o" --specs=nano.specs -mfloat-abi=soft -mthumb -o "Core/Src/main.o"
arm-none-eabi-gcc -o "Device_A.elf" @"objects.list"  -lSTM32CryptographicV3.0.0_CM4_GCC_ot -mcpu=cortex-m4 -T"C:\Users\Igor\Desktop\Green_wave_deviceA\Device_A\STM32F411RETX_FLASH.ld" --specs=nosys.specs -Wl,-Map="Device_A.map" -Wl,--gc-sections -static -L"C:\Users\Igor\Desktop\STM32CubeExpansion_Crypto_V3.1.0\Fw_Crypto\STM32F4\Middlewares\ST\STM32_Cryptographic\Lib" --specs=nano.specs -mfloat-abi=soft -mthumb -Wl,--start-group -lc -lm -Wl,--end-group
Finished building target: Device_A.elf
 
arm-none-eabi-size   Device_A.elf 
arm-none-eabi-objdump -h -S  Device_A.elf  > "Device_A.list"
   text	   data	    bss	    dec	    hex	filename
  34520	     60	   8364	  42944	   a7c0	Device_A.elf
Finished building: default.size.stdout
 
Finished building: Device_A.list
 
13:36:38 **** Incremental Build of configuration Debug for project Device_A ****
make -j4 all 
arm-none-eabi-gcc "../Core/Src/main.c" -mcpu=cortex-m4 -std=gnu11 -g3 -DDEBUG -DUSE_HAL_DRIVER -DSTM32F411xE -c -I../Core/Inc -I../Drivers/STM32F4xx_HAL_Driver/Inc -I../Drivers/STM32F4xx_HAL_Driver/Inc/Legacy -I../Drivers/CMSIS/Device/ST/STM32F4xx/Include -I../Drivers/CMSIS/Include -I"C:/Users/Igor/Desktop/STM32CubeExpansion_Crypto_V3.1.0/Fw_Crypto/STM32F4/Middlewares/ST/STM32_Cryptographic/Inc" -O0 -ffunction-sections -fdata-sections -Wall -fstack-usage -MMD -MP -MF"Core/Src/main.d" -MT"Core/Src/main.o" --specs=nano.specs -mfloat-abi=soft -mthumb -o "Core/Src/main.o"
arm-none-eabi-gcc -o "Device_A.elf" @"objects.list"  -lSTM32CryptographicV3.0.0_CM4_GCC_ot -mcpu=cortex-m4 -T"C:\Users\Igor\Desktop\Green_wave_deviceA\Device_A\STM32F411RETX_FLASH.ld" --specs=nosys.specs -Wl,-Map="Device_A.map" -Wl,--gc-sections -static -L"C:\Users\Igor\Desktop\STM32CubeExpansion_Crypto_V3.1.0\Fw_Crypto\STM32F4\Middlewares\ST\STM32_Cryptographic\Lib" --specs=nano.specs -mfloat-abi=soft -mthumb -Wl,--start-group -lc -lm -Wl,--end-group
Finished building target: Device_A.elf
 
arm-none-eabi-size   Device_A.elf 
arm-none-eabi-objdump -h -S  Device_A.elf  > "Device_A.list"
   text	   data	    bss	    dec	    hex	filename
  34520	     60	   8364	  42944	   a7c0	Device_A.elf
Finished building: default.size.stdout
 
Finished building: Device_A.list
 
13:37:38 **** Incremental Build of configuration Debug for project Device_A ****
make -j4 all 
arm-none-eabi-gcc "../Core/Src/main.c" -mcpu=cortex-m4 -std=gnu11 -g3 -DDEBUG -DUSE_HAL_DRIVER -DSTM32F411xE -c -I../Core/Inc -I../Drivers/STM32F4xx_HAL_Driver/Inc -I../Drivers/STM32F4xx_HAL_Driver/Inc/Legacy -I../Drivers/CMSIS/Device/ST/STM32F4xx/Include -I../Drivers/CMSIS/Include -I"C:/Users/Igor/Desktop/STM32CubeExpansion_Crypto_V3.1.0/Fw_Crypto/STM32F4/Middlewares/ST/STM32_Cryptographic/Inc" -O0 -ffunction-sections -fdata-sections -Wall -fstack-usage -MMD -MP -MF"Core/Src/main.d" -MT"Core/Src/main.o" --specs=nano.specs -mfloat-abi=soft -mthumb -o "Core/Src/main.o"
arm-none-eabi-gcc -o "Device_A.elf" @"objects.list"  -lSTM32CryptographicV3.0.0_CM4_GCC_ot -mcpu=cortex-m4 -T"C:\Users\Igor\Desktop\Green_wave_deviceA\Device_A\STM32F411RETX_FLASH.ld" --specs=nosys.specs -Wl,-Map="Device_A.map" -Wl,--gc-sections -static -L"C:\Users\Igor\Desktop\STM32CubeExpansion_Crypto_V3.1.0\Fw_Crypto\STM32F4\Middlewares\ST\STM32_Cryptographic\Lib" --specs=nano.specs -mfloat-abi=soft -mthumb -Wl,--start-group -lc -lm -Wl,--end-group
Finished building target: Device_A.elf
 
arm-none-eabi-size   Device_A.elf 
arm-none-eabi-objdump -h -S  Device_A.elf  > "Device_A.list"
   text	   data	    bss	    dec	    hex	filename
  34520	     60	   8364	  42944	   a7c0	Device_A.elf
Finished building: default.size.stdout
 
Finished building: Device_A.list
 
13:55:57 **** Incremental Build of configuration Debug for project Device_A ****
make -j4 all 
arm-none-eabi-gcc "../Core/Src/main.c" -mcpu=cortex-m4 -std=gnu11 -g3 -DDEBUG -DUSE_HAL_DRIVER -DSTM32F411xE -c -I../Core/Inc -I../Drivers/STM32F4xx_HAL_Driver/Inc -I../Drivers/STM32F4xx_HAL_Driver/Inc/Legacy -I../Drivers/CMSIS/Device/ST/STM32F4xx/Include -I../Drivers/CMSIS/Include -I"C:/Users/Igor/Desktop/STM32CubeExpansion_Crypto_V3.1.0/Fw_Crypto/STM32F4/Middlewares/ST/STM32_Cryptographic/Inc" -O0 -ffunction-sections -fdata-sections -Wall -fstack-usage -MMD -MP -MF"Core/Src/main.d" -MT"Core/Src/main.o" --specs=nano.specs -mfloat-abi=soft -mthumb -o "Core/Src/main.o"
arm-none-eabi-gcc -o "Device_A.elf" @"objects.list"  -lSTM32CryptographicV3.0.0_CM4_GCC_ot -mcpu=cortex-m4 -T"C:\Users\Igor\Desktop\Green_wave_deviceA\Device_A\STM32F411RETX_FLASH.ld" --specs=nosys.specs -Wl,-Map="Device_A.map" -Wl,--gc-sections -static -L"C:\Users\Igor\Desktop\STM32CubeExpansion_Crypto_V3.1.0\Fw_Crypto\STM32F4\Middlewares\ST\STM32_Cryptographic\Lib" --specs=nano.specs -mfloat-abi=soft -mthumb -Wl,--start-group -lc -lm -Wl,--end-group
Finished building target: Device_A.elf
 
arm-none-eabi-size   Device_A.elf 
arm-none-eabi-objdump -h -S  Device_A.elf  > "Device_A.list"
   text	   data	    bss	    dec	    hex	filename
  34524	     60	   8364	  42948	   a7c4	Device_A.elf
Finished building: default.size.stdout
 
Finished building: Device_A.list
 
15:45:16 **** Incremental Build of configuration Debug for project Device_A ****
make -j4 all 
arm-none-eabi-gcc "../Core/Src/main.c" -mcpu=cortex-m4 -std=gnu11 -g3 -DDEBUG -DUSE_HAL_DRIVER -DSTM32F411xE -c -I../Core/Inc -I../Drivers/STM32F4xx_HAL_Driver/Inc -I../Drivers/STM32F4xx_HAL_Driver/Inc/Legacy -I../Drivers/CMSIS/Device/ST/STM32F4xx/Include -I../Drivers/CMSIS/Include -I"C:/Users/Igor/Desktop/STM32CubeExpansion_Crypto_V3.1.0/Fw_Crypto/STM32F4/Middlewares/ST/STM32_Cryptographic/Inc" -O0 -ffunction-sections -fdata-sections -Wall -fstack-usage -MMD -MP -MF"Core/Src/main.d" -MT"Core/Src/main.o" --specs=nano.specs -mfloat-abi=soft -mthumb -o "Core/Src/main.o"
arm-none-eabi-gcc -o "Device_A.elf" @"objects.list"  -lSTM32CryptographicV3.0.0_CM4_GCC_ot -mcpu=cortex-m4 -T"C:\Users\Igor\Desktop\Green_wave_deviceA\Device_A\STM32F411RETX_FLASH.ld" --specs=nosys.specs -Wl,-Map="Device_A.map" -Wl,--gc-sections -static -L"C:\Users\Igor\Desktop\STM32CubeExpansion_Crypto_V3.1.0\Fw_Crypto\STM32F4\Middlewares\ST\STM32_Cryptographic\Lib" --specs=nano.specs -mfloat-abi=soft -mthumb -Wl,--start-group -lc -lm -Wl,--end-group
Finished building target: Device_A.elf
 
arm-none-eabi-size   Device_A.elf 
arm-none-eabi-objdump -h -S  Device_A.elf  > "Device_A.list"
   text	   data	    bss	    dec	    hex	filename
  34520	     60	   8364	  42944	   a7c0	Device_A.elf
Finished building: default.size.stdout
 
Finished building: Device_A.list
 
